Archive member included to satisfy reference by file (symbol)

d:/program files/gcc-arm-none-eabi/bin/../lib/gcc/arm-none-eabi/10.3.1/thumb/v7e-m/nofp\libgcc.a(_aeabi_uldivmod.o)
                              CMakeFiles/F407ZG_HAL_CLION.elf.dir/Drivers/STM32F4xx_HAL_Driver/Src/stm32f4xx_hal_irda.c.obj (__aeabi_uldivmod)
d:/program files/gcc-arm-none-eabi/bin/../lib/gcc/arm-none-eabi/10.3.1/thumb/v7e-m/nofp\libgcc.a(_udivmoddi4.o)
                              d:/program files/gcc-arm-none-eabi/bin/../lib/gcc/arm-none-eabi/10.3.1/thumb/v7e-m/nofp\libgcc.a(_aeabi_uldivmod.o) (__udivmoddi4)
d:/program files/gcc-arm-none-eabi/bin/../lib/gcc/arm-none-eabi/10.3.1/thumb/v7e-m/nofp\libgcc.a(_dvmd_tls.o)
                              d:/program files/gcc-arm-none-eabi/bin/../lib/gcc/arm-none-eabi/10.3.1/thumb/v7e-m/nofp\libgcc.a(_aeabi_uldivmod.o) (__aeabi_ldiv0)
d:/program files/gcc-arm-none-eabi/bin/../lib/gcc/arm-none-eabi/10.3.1/../../../../arm-none-eabi/lib/thumb/v7e-m/nofp\libg.a(lib_a-errno.o)
                              CMakeFiles/F407ZG_HAL_CLION.elf.dir/User/syscalls.c.obj (__errno)
d:/program files/gcc-arm-none-eabi/bin/../lib/gcc/arm-none-eabi/10.3.1/../../../../arm-none-eabi/lib/thumb/v7e-m/nofp\libg.a(lib_a-exit.o)
                              d:/program files/gcc-arm-none-eabi/bin/../lib/gcc/arm-none-eabi/10.3.1/../../../../arm-none-eabi/lib/thumb/v7e-m/nofp/crt0.o (exit)
d:/program files/gcc-arm-none-eabi/bin/../lib/gcc/arm-none-eabi/10.3.1/../../../../arm-none-eabi/lib/thumb/v7e-m/nofp\libg.a(lib_a-impure.o)
                              d:/program files/gcc-arm-none-eabi/bin/../lib/gcc/arm-none-eabi/10.3.1/../../../../arm-none-eabi/lib/thumb/v7e-m/nofp\libg.a(lib_a-exit.o) (_global_impure_ptr)
d:/program files/gcc-arm-none-eabi/bin/../lib/gcc/arm-none-eabi/10.3.1/../../../../arm-none-eabi/lib/thumb/v7e-m/nofp\libg.a(lib_a-init.o)
                              d:/program files/gcc-arm-none-eabi/bin/../lib/gcc/arm-none-eabi/10.3.1/../../../../arm-none-eabi/lib/thumb/v7e-m/nofp/crt0.o (__libc_init_array)
d:/program files/gcc-arm-none-eabi/bin/../lib/gcc/arm-none-eabi/10.3.1/../../../../arm-none-eabi/lib/thumb/v7e-m/nofp\libg.a(lib_a-memset.o)
                              d:/program files/gcc-arm-none-eabi/bin/../lib/gcc/arm-none-eabi/10.3.1/../../../../arm-none-eabi/lib/thumb/v7e-m/nofp/crt0.o (memset)
d:/program files/gcc-arm-none-eabi/bin/../lib/gcc/arm-none-eabi/10.3.1/../../../../arm-none-eabi/lib/thumb/v7e-m/nofp\libg.a(lib_a-puts.o)
                              CMakeFiles/F407ZG_HAL_CLION.elf.dir/User/main.c.obj (puts)
d:/program files/gcc-arm-none-eabi/bin/../lib/gcc/arm-none-eabi/10.3.1/../../../../arm-none-eabi/lib/thumb/v7e-m/nofp\libg.a(lib_a-strlen.o)
                              d:/program files/gcc-arm-none-eabi/bin/../lib/gcc/arm-none-eabi/10.3.1/../../../../arm-none-eabi/lib/thumb/v7e-m/nofp\libg.a(lib_a-puts.o) (strlen)
d:/program files/gcc-arm-none-eabi/bin/../lib/gcc/arm-none-eabi/10.3.1/../../../../arm-none-eabi/lib/thumb/v7e-m/nofp\libg.a(lib_a-__call_atexit.o)
                              d:/program files/gcc-arm-none-eabi/bin/../lib/gcc/arm-none-eabi/10.3.1/../../../../arm-none-eabi/lib/thumb/v7e-m/nofp\libg.a(lib_a-exit.o) (__call_exitprocs)
d:/program files/gcc-arm-none-eabi/bin/../lib/gcc/arm-none-eabi/10.3.1/../../../../arm-none-eabi/lib/thumb/v7e-m/nofp\libg.a(lib_a-atexit.o)
                              d:/program files/gcc-arm-none-eabi/bin/../lib/gcc/arm-none-eabi/10.3.1/../../../../arm-none-eabi/lib/thumb/v7e-m/nofp\libg.a(lib_a-__call_atexit.o) (atexit)
d:/program files/gcc-arm-none-eabi/bin/../lib/gcc/arm-none-eabi/10.3.1/../../../../arm-none-eabi/lib/thumb/v7e-m/nofp\libg.a(lib_a-findfp.o)
                              d:/program files/gcc-arm-none-eabi/bin/../lib/gcc/arm-none-eabi/10.3.1/../../../../arm-none-eabi/lib/thumb/v7e-m/nofp\libg.a(lib_a-puts.o) (__sinit)
d:/program files/gcc-arm-none-eabi/bin/../lib/gcc/arm-none-eabi/10.3.1/../../../../arm-none-eabi/lib/thumb/v7e-m/nofp\libg.a(lib_a-fini.o)
                              d:/program files/gcc-arm-none-eabi/bin/../lib/gcc/arm-none-eabi/10.3.1/../../../../arm-none-eabi/lib/thumb/v7e-m/nofp\libg.a(lib_a-__call_atexit.o) (__libc_fini_array)
d:/program files/gcc-arm-none-eabi/bin/../lib/gcc/arm-none-eabi/10.3.1/../../../../arm-none-eabi/lib/thumb/v7e-m/nofp\libg.a(lib_a-fvwrite.o)
                              d:/program files/gcc-arm-none-eabi/bin/../lib/gcc/arm-none-eabi/10.3.1/../../../../arm-none-eabi/lib/thumb/v7e-m/nofp\libg.a(lib_a-puts.o) (__sfvwrite_r)
d:/program files/gcc-arm-none-eabi/bin/../lib/gcc/arm-none-eabi/10.3.1/../../../../arm-none-eabi/lib/thumb/v7e-m/nofp\libg.a(lib_a-fwalk.o)
                              d:/program files/gcc-arm-none-eabi/bin/../lib/gcc/arm-none-eabi/10.3.1/../../../../arm-none-eabi/lib/thumb/v7e-m/nofp\libg.a(lib_a-findfp.o) (_fwalk)
[...]
Memory Configuration

Name             Origin             Length             Attributes
RAM              0x20000000         0x00020000         xrw
CCMRAM           0x10000000         0x00010000         xrw
FLASH            0x08000000         0x00100000         xr
*default*        0x00000000         0xffffffff

Linker script and memory map

LOAD d:/program files/gcc-arm-none-eabi/bin/../lib/gcc/arm-none-eabi/10.3.1/thumb/v7e-m/nofp/crti.o
LOAD d:/program files/gcc-arm-none-eabi/bin/../lib/gcc/arm-none-eabi/10.3.1/thumb/v7e-m/nofp/crtbegin.o
LOAD d:/program files/gcc-arm-none-eabi/bin/../lib/gcc/arm-none-eabi/10.3.1/../../../../arm-none-eabi/lib/thumb/v7e-m/nofp/crt0.o
LOAD CMakeFiles/F407ZG_HAL_CLION.elf.dir/Drivers/STM32F4xx_HAL_Driver/Src/Legacy/stm32f4xx_hal_can.c.obj
LOAD CMakeFiles/F407ZG_HAL_CLION.elf.dir/Drivers/STM32F4xx_HAL_Driver/Src/stm32f4xx_hal.c.obj
LOAD CMakeFiles/F407ZG_HAL_CLION.elf.dir/Drivers/STM32F4xx_HAL_Driver/Src/stm32f4xx_hal_adc.c.obj
LOAD CMakeFiles/F407ZG_HAL_CLION.elf.dir/Drivers/STM32F4xx_HAL_Driver/Src/stm32f4xx_hal_adc_ex.c.obj
LOAD CMakeFiles/F407ZG_HAL_CLION.elf.dir/Drivers/STM32F4xx_HAL_Driver/Src/stm32f4xx_hal_can.c.obj
LOAD CMakeFiles/F407ZG_HAL_CLION.elf.dir/Drivers/STM32F4xx_HAL_Driver/Src/stm32f4xx_hal_cec.c.obj
LOAD CMakeFiles/F407ZG_HAL_CLION.elf.dir/Drivers/STM32F4xx_HAL_Driver/Src/stm32f4xx_hal_cortex.c.obj
LOAD CMakeFiles/F407ZG_HAL_CLION.elf.dir/Drivers/STM32F4xx_HAL_Driver/Src/stm32f4xx_hal_crc.c.obj
LOAD CMakeFiles/F407ZG_HAL_CLION.elf.dir/Drivers/STM32F4xx_HAL_Driver/Src/stm32f4xx_hal_cryp.c.obj
LOAD CMakeFiles/F407ZG_HAL_CLION.elf.dir/Drivers/STM32F4xx_HAL_Driver/Src/stm32f4xx_hal_cryp_ex.c.obj
LOAD CMakeFiles/F407ZG_HAL_CLION.elf.dir/Drivers/STM32F4xx_HAL_Driver/Src/stm32f4xx_hal_dac.c.obj
LOAD CMakeFiles/F407ZG_HAL_CLION.elf.dir/Drivers/STM32F4xx_HAL_Driver/Src/stm32f4xx_hal_dac_ex.c.obj
LOAD CMakeFiles/F407ZG_HAL_CLION.elf.dir/Drivers/STM32F4xx_HAL_Driver/Src/stm32f4xx_hal_dcmi.c.obj
LOAD CMakeFiles/F407ZG_HAL_CLION.elf.dir/Drivers/STM32F4xx_HAL_Driver/Src/stm32f4xx_hal_dcmi_ex.c.obj
LOAD CMakeFiles/F407ZG_HAL_CLION.elf.dir/Drivers/STM32F4xx_HAL_Driver/Src/stm32f4xx_hal_dfsdm.c.obj
LOAD CMakeFiles/F407ZG_HAL_CLION.elf.dir/Drivers/STM32F4xx_HAL_Driver/Src/stm32f4xx_hal_dma.c.obj
LOAD CMakeFiles/F407ZG_HAL_CLION.elf.dir/Drivers/STM32F4xx_HAL_Driver/Src/stm32f4xx_hal_dma2d.c.obj
LOAD CMakeFiles/F407ZG_HAL_CLION.elf.dir/Drivers/STM32F4xx_HAL_Driver/Src/stm32f4xx_hal_dma_ex.c.obj
LOAD CMakeFiles/F407ZG_HAL_CLION.elf.dir/Drivers/STM32F4xx_HAL_Driver/Src/stm32f4xx_hal_dsi.c.obj
LOAD CMakeFiles/F407ZG_HAL_CLION.elf.dir/Drivers/STM32F4xx_HAL_Driver/Src/stm32f4xx_hal_eth.c.obj
LOAD CMakeFiles/F407ZG_HAL_CLION.elf.dir/Drivers/STM32F4xx_HAL_Driver/Src/stm32f4xx_hal_exti.c.obj
LOAD CMakeFiles/F407ZG_HAL_CLION.elf.dir/Drivers/STM32F4xx_HAL_Driver/Src/stm32f4xx_hal_flash.c.obj
LOAD CMakeFiles/F407ZG_HAL_CLION.elf.dir/Drivers/STM32F4xx_HAL_Driver/Src/stm32f4xx_hal_flash_ex.c.obj
LOAD CMakeFiles/F407ZG_HAL_CLION.elf.dir/Drivers/STM32F4xx_HAL_Driver/Src/stm32f4xx_hal_flash_ramfunc.c.obj
LOAD CMakeFiles/F407ZG_HAL_CLION.elf.dir/Drivers/STM32F4xx_HAL_Driver/Src/stm32f4xx_hal_fmpi2c.c.obj
LOAD CMakeFiles/F407ZG_HAL_CLION.elf.dir/Drivers/STM32F4xx_HAL_Driver/Src/stm32f4xx_hal_fmpi2c_ex.c.obj
LOAD CMakeFiles/F407ZG_HAL_CLION.elf.dir/Drivers/STM32F4xx_HAL_Driver/Src/stm32f4xx_hal_fmpsmbus.c.obj
LOAD CMakeFiles/F407ZG_HAL_CLION.elf.dir/Drivers/STM32F4xx_HAL_Driver/Src/stm32f4xx_hal_fmpsmbus_ex.c.obj
LOAD CMakeFiles/F407ZG_HAL_CLION.elf.dir/Drivers/STM32F4xx_HAL_Driver/Src/stm32f4xx_hal_gpio.c.obj
LOAD CMakeFiles/F407ZG_HAL_CLION.elf.dir/Drivers/STM32F4xx_HAL_Driver/Src/stm32f4xx_hal_hash.c.obj
LOAD CMakeFiles/F407ZG_HAL_CLION.elf.dir/Drivers/STM32F4xx_HAL_Driver/Src/stm32f4xx_hal_hash_ex.c.obj
LOAD CMakeFiles/F407ZG_HAL_CLION.elf.dir/Drivers/STM32F4xx_HAL_Driver/Src/stm32f4xx_hal_hcd.c.obj
LOAD CMakeFiles/F407ZG_HAL_CLION.elf.dir/Drivers/STM32F4xx_HAL_Driver/Src/stm32f4xx_hal_i2c.c.obj
LOAD CMakeFiles/F407ZG_HAL_CLION.elf.dir/Drivers/STM32F4xx_HAL_Driver/Src/stm32f4xx_hal_i2c_ex.c.obj
LOAD CMakeFiles/F407ZG_HAL_CLION.elf.dir/Drivers/STM32F4xx_HAL_Driver/Src/stm32f4xx_hal_i2s.c.obj
LOAD CMakeFiles/F407ZG_HAL_CLION.elf.dir/Drivers/STM32F4xx_HAL_Driver/Src/stm32f4xx_hal_i2s_ex.c.obj
LOAD CMakeFiles/F407ZG_HAL_CLION.elf.dir/Drivers/STM32F4xx_HAL_Driver/Src/stm32f4xx_hal_irda.c.obj
LOAD CMakeFiles/F407ZG_HAL_CLION.elf.dir/Drivers/STM32F4xx_HAL_Driver/Src/stm32f4xx_hal_iwdg.c.obj
LOAD CMakeFiles/F407ZG_HAL_CLION.elf.dir/Drivers/STM32F4xx_HAL_Driver/Src/stm32f4xx_hal_lptim.c.obj
LOAD CMakeFiles/F407ZG_HAL_CLION.elf.dir/Drivers/STM32F4xx_HAL_Driver/Src/stm32f4xx_hal_ltdc.c.obj
LOAD CMakeFiles/F407ZG_HAL_CLION.elf.dir/Drivers/STM32F4xx_HAL_Driver/Src/stm32f4xx_hal_ltdc_ex.c.obj
LOAD CMakeFiles/F407ZG_HAL_CLION.elf.dir/Drivers/STM32F4xx_HAL_Driver/Src/stm32f4xx_hal_mmc.c.obj
LOAD CMakeFiles/F407ZG_HAL_CLION.elf.dir/Drivers/STM32F4xx_HAL_Driver/Src/stm32f4xx_hal_nand.c.obj
LOAD CMakeFiles/F407ZG_HAL_CLION.elf.dir/Drivers/STM32F4xx_HAL_Driver/Src/stm32f4xx_hal_nor.c.obj
LOAD CMakeFiles/F407ZG_HAL_CLION.elf.dir/Drivers/STM32F4xx_HAL_Driver/Src/stm32f4xx_hal_pccard.c.obj
LOAD CMakeFiles/F407ZG_HAL_CLION.elf.dir/Drivers/STM32F4xx_HAL_Driver/Src/stm32f4xx_hal_pcd.c.obj
LOAD CMakeFiles/F407ZG_HAL_CLION.elf.dir/Drivers/STM32F4xx_HAL_Driver/Src/stm32f4xx_hal_pcd_ex.c.obj
LOAD CMakeFiles/F407ZG_HAL_CLION.elf.dir/Drivers/STM32F4xx_HAL_Driver/Src/stm32f4xx_hal_pwr.c.obj
LOAD CMakeFiles/F407ZG_HAL_CLION.elf.dir/Drivers/STM32F4xx_HAL_Driver/Src/stm32f4xx_hal_pwr_ex.c.obj
LOAD CMakeFiles/F407ZG_HAL_CLION.elf.dir/Drivers/STM32F4xx_HAL_Driver/Src/stm32f4xx_hal_qspi.c.obj
LOAD CMakeFiles/F407ZG_HAL_CLION.elf.dir/Drivers/STM32F4xx_HAL_Driver/Src/stm32f4xx_hal_rcc.c.obj
LOAD CMakeFiles/F407ZG_HAL_CLION.elf.dir/Drivers/STM32F4xx_HAL_Driver/Src/stm32f4xx_hal_rcc_ex.c.obj
LOAD CMakeFiles/F407ZG_HAL_CLION.elf.dir/Drivers/STM32F4xx_HAL_Driver/Src/stm32f4xx_hal_rng.c.obj
LOAD CMakeFiles/F407ZG_HAL_CLION.elf.dir/Drivers/STM32F4xx_HAL_Driver/Src/stm32f4xx_hal_rtc.c.obj
LOAD CMakeFiles/F407ZG_HAL_CLION.elf.dir/Drivers/STM32F4xx_HAL_Driver/Src/stm32f4xx_hal_rtc_ex.c.obj
LOAD CMakeFiles/F407ZG_HAL_CLION.elf.dir/Drivers/STM32F4xx_HAL_Driver/Src/stm32f4xx_hal_sai.c.obj
LOAD CMakeFiles/F407ZG_HAL_CLION.elf.dir/Drivers/STM32F4xx_HAL_Driver/Src/stm32f4xx_hal_sai_ex.c.obj
LOAD CMakeFiles/F407ZG_HAL_CLION.elf.dir/Drivers/STM32F4xx_HAL_Driver/Src/stm32f4xx_hal_sd.c.obj
LOAD CMakeFiles/F407ZG_HAL_CLION.elf.dir/Drivers/STM32F4xx_HAL_Driver/Src/stm32f4xx_hal_sdram.c.obj
LOAD CMakeFiles/F407ZG_HAL_CLION.elf.dir/Drivers/STM32F4xx_HAL_Driver/Src/stm32f4xx_hal_smartcard.c.obj
LOAD CMakeFiles/F407ZG_HAL_CLION.elf.dir/Drivers/STM32F4xx_HAL_Driver/Src/stm32f4xx_hal_smbus.c.obj
LOAD CMakeFiles/F407ZG_HAL_CLION.elf.dir/Drivers/STM32F4xx_HAL_Driver/Src/stm32f4xx_hal_spdifrx.c.obj
LOAD CMakeFiles/F407ZG_HAL_CLION.elf.dir/Drivers/STM32F4xx_HAL_Driver/Src/stm32f4xx_hal_spi.c.obj
LOAD CMakeFiles/F407ZG_HAL_CLION.elf.dir/Drivers/STM32F4xx_HAL_Driver/Src/stm32f4xx_hal_sram.c.obj
LOAD CMakeFiles/F407ZG_HAL_CLION.elf.dir/Drivers/STM32F4xx_HAL_Driver/Src/stm32f4xx_hal_tim.c.obj
LOAD CMakeFiles/F407ZG_HAL_CLION.elf.dir/Drivers/STM32F4xx_HAL_Driver/Src/stm32f4xx_hal_tim_ex.c.obj
LOAD CMakeFiles/F407ZG_HAL_CLION.elf.dir/Drivers/STM32F4xx_HAL_Driver/Src/stm32f4xx_hal_uart.c.obj
LOAD CMakeFiles/F407ZG_HAL_CLION.elf.dir/Drivers/STM32F4xx_HAL_Driver/Src/stm32f4xx_hal_usart.c.obj
LOAD CMakeFiles/F407ZG_HAL_CLION.elf.dir/Drivers/STM32F4xx_HAL_Driver/Src/stm32f4xx_hal_wwdg.c.obj
LOAD CMakeFiles/F407ZG_HAL_CLION.elf.dir/Drivers/STM32F4xx_HAL_Driver/Src/stm32f4xx_ll_adc.c.obj
LOAD CMakeFiles/F407ZG_HAL_CLION.elf.dir/Drivers/STM32F4xx_HAL_Driver/Src/stm32f4xx_ll_crc.c.obj
LOAD CMakeFiles/F407ZG_HAL_CLION.elf.dir/Drivers/STM32F4xx_HAL_Driver/Src/stm32f4xx_ll_dac.c.obj
LOAD CMakeFiles/F407ZG_HAL_CLION.elf.dir/Drivers/STM32F4xx_HAL_Driver/Src/stm32f4xx_ll_dma.c.obj
LOAD CMakeFiles/F407ZG_HAL_CLION.elf.dir/Drivers/STM32F4xx_HAL_Driver/Src/stm32f4xx_ll_dma2d.c.obj
LOAD CMakeFiles/F407ZG_HAL_CLION.elf.dir/Drivers/STM32F4xx_HAL_Driver/Src/stm32f4xx_ll_exti.c.obj
LOAD CMakeFiles/F407ZG_HAL_CLION.elf.dir/Drivers/STM32F4xx_HAL_Driver/Src/stm32f4xx_ll_fmpi2c.c.obj
LOAD CMakeFiles/F407ZG_HAL_CLION.elf.dir/Drivers/STM32F4xx_HAL_Driver/Src/stm32f4xx_ll_fsmc.c.obj
LOAD CMakeFiles/F407ZG_HAL_CLION.elf.dir/Drivers/STM32F4xx_HAL_Driver/Src/stm32f4xx_ll_gpio.c.obj
LOAD CMakeFiles/F407ZG_HAL_CLION.elf.dir/Drivers/STM32F4xx_HAL_Driver/Src/stm32f4xx_ll_i2c.c.obj
LOAD CMakeFiles/F407ZG_HAL_CLION.elf.dir/Drivers/STM32F4xx_HAL_Driver/Src/stm32f4xx_ll_lptim.c.obj
LOAD CMakeFiles/F407ZG_HAL_CLION.elf.dir/Drivers/STM32F4xx_HAL_Driver/Src/stm32f4xx_ll_pwr.c.obj
LOAD CMakeFiles/F407ZG_HAL_CLION.elf.dir/Drivers/STM32F4xx_HAL_Driver/Src/stm32f4xx_ll_rcc.c.obj
LOAD CMakeFiles/F407ZG_HAL_CLION.elf.dir/Drivers/STM32F4xx_HAL_Driver/Src/stm32f4xx_ll_rng.c.obj
LOAD CMakeFiles/F407ZG_HAL_CLION.elf.dir/Drivers/STM32F4xx_HAL_Driver/Src/stm32f4xx_ll_rtc.c.obj
LOAD CMakeFiles/F407ZG_HAL_CLION.elf.dir/Drivers/STM32F4xx_HAL_Driver/Src/stm32f4xx_ll_sdmmc.c.obj
LOAD CMakeFiles/F407ZG_HAL_CLION.elf.dir/Drivers/STM32F4xx_HAL_Driver/Src/stm32f4xx_ll_spi.c.obj
LOAD CMakeFiles/F407ZG_HAL_CLION.elf.dir/Drivers/STM32F4xx_HAL_Driver/Src/stm32f4xx_ll_tim.c.obj
LOAD CMakeFiles/F407ZG_HAL_CLION.elf.dir/Drivers/STM32F4xx_HAL_Driver/Src/stm32f4xx_ll_usart.c.obj
LOAD CMakeFiles/F407ZG_HAL_CLION.elf.dir/Drivers/STM32F4xx_HAL_Driver/Src/stm32f4xx_ll_usb.c.obj
LOAD CMakeFiles/F407ZG_HAL_CLION.elf.dir/Drivers/STM32F4xx_HAL_Driver/Src/stm32f4xx_ll_utils.c.obj
LOAD CMakeFiles/F407ZG_HAL_CLION.elf.dir/Drivers/SYSTEM/delay/delay.c.obj
LOAD CMakeFiles/F407ZG_HAL_CLION.elf.dir/Drivers/SYSTEM/sys/sys.c.obj
LOAD CMakeFiles/F407ZG_HAL_CLION.elf.dir/Drivers/SYSTEM/usart/usart.c.obj
LOAD CMakeFiles/F407ZG_HAL_CLION.elf.dir/User/main.c.obj
LOAD CMakeFiles/F407ZG_HAL_CLION.elf.dir/User/stm32f4xx_it.c.obj
LOAD CMakeFiles/F407ZG_HAL_CLION.elf.dir/User/syscalls.c.obj
LOAD CMakeFiles/F407ZG_HAL_CLION.elf.dir/User/system_stm32f4xx.c.obj
LOAD CMakeFiles/F407ZG_HAL_CLION.elf.dir/startup/startup_stm32f407xx.s.obj
START GROUP
LOAD d:/program files/gcc-arm-none-eabi/bin/../lib/gcc/arm-none-eabi/10.3.1/thumb/v7e-m/nofp\libgcc.a
LOAD d:/program files/gcc-arm-none-eabi/bin/../lib/gcc/arm-none-eabi/10.3.1/../../../../arm-none-eabi/lib/thumb/v7e-m/nofp\libg.a
LOAD d:/program files/gcc-arm-none-eabi/bin/../lib/gcc/arm-none-eabi/10.3.1/../../../../arm-none-eabi/lib/thumb/v7e-m/nofp\libc.a
END GROUP
LOAD d:/program files/gcc-arm-none-eabi/bin/../lib/gcc/arm-none-eabi/10.3.1/thumb/v7e-m/nofp/crtend.o
LOAD d:/program files/gcc-arm-none-eabi/bin/../lib/gcc/arm-none-eabi/10.3.1/thumb/v7e-m/nofp/crtn.o
                0x20020000                _estack = 0x20020000
                0x00000200                _Min_Heap_Size = 0x200
                0x00000400                _Min_Stack_Size = 0x400

.isr_vector     0x08000000      0x188
                0x08000000                . = ALIGN (0x4)
 *(.isr_vector)
 .isr_vector    0x08000000      0x188 CMakeFiles/F407ZG_HAL_CLION.elf.dir/startup/startup_stm32f407xx.s.obj
                0x08000000                g_pfnVectors
                0x08000188                . = ALIGN (0x4)

.text           0x080001c0     0x3484
                0x080001c0                . = ALIGN (0x4)
 *(.text)
 .text          0x080001c0       0x40 d:/program files/gcc-arm-none-eabi/bin/../lib/gcc/arm-none-eabi/10.3.1/thumb/v7e-m/nofp/crtbegin.o
 .text          0x08000200       0x30 d:/program files/gcc-arm-none-eabi/bin/../lib/gcc/arm-none-eabi/10.3.1/thumb/v7e-m/nofp\libgcc.a(_aeabi_uldivmod.o)
                0x08000200                __aeabi_uldivmod
 .text          0x08000230      0x2d0 d:/program files/gcc-arm-none-eabi/bin/../lib/gcc/arm-none-eabi/10.3.1/thumb/v7e-m/nofp\libgcc.a(_udivmoddi4.o)
                0x08000230                __udivmoddi4
 .text          0x08000500        0x4 d:/program files/gcc-arm-none-eabi/bin/../lib/gcc/arm-none-eabi/10.3.1/thumb/v7e-m/nofp\libgcc.a(_dvmd_tls.o)
                0x08000500                __aeabi_idiv0
                0x08000500                __aeabi_ldiv0
 *fill*         0x08000504       0x3c 
 .text          0x08000540       0xdc d:/program files/gcc-arm-none-eabi/bin/../lib/gcc/arm-none-eabi/10.3.1/../../../../arm-none-eabi/lib/thumb/v7e-m/nofp\libg.a(lib_a-strlen.o)
                0x08000540                strlen
 *fill*         0x0800061c        0x4 
 .text          0x08000620       0xa0 d:/program files/gcc-arm-none-eabi/bin/../lib/gcc/arm-none-eabi/10.3.1/../../../../arm-none-eabi/lib/thumb/v7e-m/nofp\libg.a(lib_a-memchr.o)
                0x08000620                memchr
 .text          0x080006c0      0x134 d:/program files/gcc-arm-none-eabi/bin/../lib/gcc/arm-none-eabi/10.3.1/../../../../arm-none-eabi/lib/thumb/v7e-m/nofp\libg.a(lib_a-memcpy.o)
                0x080006c0                memcpy
 *(.text*)
 .text.HAL_MspInit
                0x080007f4        0x2 CMakeFiles/F407ZG_HAL_CLION.elf.dir/Drivers/STM32F4xx_HAL_Driver/Src/stm32f4xx_hal.c.obj
                0x080007f4                HAL_MspInit
 *fill*         0x080007f6        0x2 
 .text.HAL_InitTick
                0x080007f8       0x4c CMakeFiles/F407ZG_HAL_CLION.elf.dir/Drivers/STM32F4xx_HAL_Driver/Src/stm32f4xx_hal.c.obj
                0x080007f8                HAL_InitTick
 .text.HAL_Init
                0x08000844       0x2c CMakeFiles/F407ZG_HAL_CLION.elf.dir/Drivers/STM32F4xx_HAL_Driver/Src/stm32f4xx_hal.c.obj
                0x08000844                HAL_Init
 .text.HAL_IncTick
                0x08000870       0x18 CMakeFiles/F407ZG_HAL_CLION.elf.dir/Drivers/STM32F4xx_HAL_Driver/Src/stm32f4xx_hal.c.obj
                0x08000870                HAL_IncTick
 .text.HAL_GetTick
                0x08000888        0xc CMakeFiles/F407ZG_HAL_CLION.elf.dir/Drivers/STM32F4xx_HAL_Driver/Src/stm32f4xx_hal.c.obj
                0x08000888                HAL_GetTick
 .text.HAL_GetREVID
                0x08000894        0xc CMakeFiles/F407ZG_HAL_CLION.elf.dir/Drivers/STM32F4xx_HAL_Driver/Src/stm32f4xx_hal.c.obj
                0x08000894                HAL_GetREVID
 .text.HAL_NVIC_SetPriorityGrouping
                0x080008a0       0x24 CMakeFiles/F407ZG_HAL_CLION.elf.dir/Drivers/STM32F4xx_HAL_Driver/Src/stm32f4xx_hal_cortex.c.obj
                0x080008a0                HAL_NVIC_SetPriorityGrouping
 .text.HAL_NVIC_SetPriority
                0x080008c4       0x70 CMakeFiles/F407ZG_HAL_CLION.elf.dir/Drivers/STM32F4xx_HAL_Driver/Src/stm32f4xx_hal_cortex.c.obj
                0x080008c4                HAL_NVIC_SetPriority
 .text.HAL_NVIC_EnableIRQ
                0x08000934       0x1c CMakeFiles/F407ZG_HAL_CLION.elf.dir/Drivers/STM32F4xx_HAL_Driver/Src/stm32f4xx_hal_cortex.c.obj
                0x08000934                HAL_NVIC_EnableIRQ
 .text.HAL_SYSTICK_Config
                0x08000950       0x28 CMakeFiles/F407ZG_HAL_CLION.elf.dir/Drivers/STM32F4xx_HAL_Driver/Src/stm32f4xx_hal_cortex.c.obj
                0x08000950                HAL_SYSTICK_Config
 .text.HAL_DMA_Abort
                0x08000978       0x94 CMakeFiles/F407ZG_HAL_CLION.elf.dir/Drivers/STM32F4xx_HAL_Driver/Src/stm32f4xx_hal_dma.c.obj
                0x08000978                HAL_DMA_Abort
 .text.HAL_DMA_Abort_IT
                0x08000a0c       0x26 CMakeFiles/F407ZG_HAL_CLION.elf.dir/Drivers/STM32F4xx_HAL_Driver/Src/stm32f4xx_hal_dma.c.obj
                0x08000a0c                HAL_DMA_Abort_IT
 *fill*         0x08000a32        0x2 
 .text.HAL_GPIO_Init
                0x08000a34      0x1e4 CMakeFiles/F407ZG_HAL_CLION.elf.dir/Drivers/STM32F4xx_HAL_Driver/Src/stm32f4xx_hal_gpio.c.obj
                0x08000a34                HAL_GPIO_Init
 .text.HAL_RCC_OscConfig
                0x08000c18      0x3f8 CMakeFiles/F407ZG_HAL_CLION.elf.dir/Drivers/STM32F4xx_HAL_Driver/Src/stm32f4xx_hal_rcc.c.obj
                0x08000c18                HAL_RCC_OscConfig
 .text.HAL_RCC_GetSysClockFreq
                0x08001010       0xa4 CMakeFiles/F407ZG_HAL_CLION.elf.dir/Drivers/STM32F4xx_HAL_Driver/Src/stm32f4xx_hal_rcc.c.obj
                0x08001010                HAL_RCC_GetSysClockFreq
 .text.HAL_RCC_ClockConfig
                0x080010b4      0x160 CMakeFiles/F407ZG_HAL_CLION.elf.dir/Drivers/STM32F4xx_HAL_Driver/Src/stm32f4xx_hal_rcc.c.obj
                0x080010b4                HAL_RCC_ClockConfig
 .text.HAL_RCC_GetHCLKFreq
                0x08001214        0xc CMakeFiles/F407ZG_HAL_CLION.elf.dir/Drivers/STM32F4xx_HAL_Driver/Src/stm32f4xx_hal_rcc.c.obj
                0x08001214                HAL_RCC_GetHCLKFreq
 .text.HAL_RCC_GetPCLK1Freq
                0x08001220       0x20 CMakeFiles/F407ZG_HAL_CLION.elf.dir/Drivers/STM32F4xx_HAL_Driver/Src/stm32f4xx_hal_rcc.c.obj
                0x08001220                HAL_RCC_GetPCLK1Freq
 .text.HAL_RCC_GetPCLK2Freq
                0x08001240       0x20 CMakeFiles/F407ZG_HAL_CLION.elf.dir/Drivers/STM32F4xx_HAL_Driver/Src/stm32f4xx_hal_rcc.c.obj
                0x08001240                HAL_RCC_GetPCLK2Freq
 .text.UART_EndRxTransfer
                0x08001260       0x32 CMakeFiles/F407ZG_HAL_CLION.elf.dir/Drivers/STM32F4xx_HAL_Driver/Src/stm32f4xx_hal_uart.c.obj
 .text.UART_Transmit_IT
                0x08001292       0x60 CMakeFiles/F407ZG_HAL_CLION.elf.dir/Drivers/STM32F4xx_HAL_Driver/Src/stm32f4xx_hal_uart.c.obj
 *fill*         0x080012f2        0x2 
 .text.UART_SetConfig
                0x080012f4      0x110 CMakeFiles/F407ZG_HAL_CLION.elf.dir/Drivers/STM32F4xx_HAL_Driver/Src/stm32f4xx_hal_uart.c.obj
 .text.UART_WaitOnFlagUntilTimeout
                0x08001404       0x6c CMakeFiles/F407ZG_HAL_CLION.elf.dir/Drivers/STM32F4xx_HAL_Driver/Src/stm32f4xx_hal_uart.c.obj
 .text.HAL_UART_Init
                0x08001470       0x5e CMakeFiles/F407ZG_HAL_CLION.elf.dir/Drivers/STM32F4xx_HAL_Driver/Src/stm32f4xx_hal_uart.c.obj
                0x08001470                HAL_UART_Init
 .text.HAL_UART_Transmit
                0x080014ce       0xd8 CMakeFiles/F407ZG_HAL_CLION.elf.dir/Drivers/STM32F4xx_HAL_Driver/Src/stm32f4xx_hal_uart.c.obj
                0x080014ce                HAL_UART_Transmit
 .text.HAL_UART_TxCpltCallback
                0x080015a6        0x2 CMakeFiles/F407ZG_HAL_CLION.elf.dir/Drivers/STM32F4xx_HAL_Driver/Src/stm32f4xx_hal_uart.c.obj
                0x080015a6                HAL_UART_TxCpltCallback
 .text.UART_EndTransmit_IT
                0x080015a8       0x1a CMakeFiles/F407ZG_HAL_CLION.elf.dir/Drivers/STM32F4xx_HAL_Driver/Src/stm32f4xx_hal_uart.c.obj
 .text.HAL_UART_ErrorCallback
                0x080015c2        0x2 CMakeFiles/F407ZG_HAL_CLION.elf.dir/Drivers/STM32F4xx_HAL_Driver/Src/stm32f4xx_hal_uart.c.obj
                0x080015c2                HAL_UART_ErrorCallback
 .text.UART_DMAAbortOnError
                0x080015c4       0x10 CMakeFiles/F407ZG_HAL_CLION.elf.dir/Drivers/STM32F4xx_HAL_Driver/Src/stm32f4xx_hal_uart.c.obj
 .text.HAL_UARTEx_RxEventCallback
                0x080015d4        0x2 CMakeFiles/F407ZG_HAL_CLION.elf.dir/Drivers/STM32F4xx_HAL_Driver/Src/stm32f4xx_hal_uart.c.obj
                0x080015d4                HAL_UARTEx_RxEventCallback
 .text.UART_Receive_IT
                0x080015d6       0xba CMakeFiles/F407ZG_HAL_CLION.elf.dir/Drivers/STM32F4xx_HAL_Driver/Src/stm32f4xx_hal_uart.c.obj
 .text.HAL_UART_IRQHandler
                0x08001690      0x208 CMakeFiles/F407ZG_HAL_CLION.elf.dir/Drivers/STM32F4xx_HAL_Driver/Src/stm32f4xx_hal_uart.c.obj
                0x08001690                HAL_UART_IRQHandler
 .text.UART_Start_Receive_IT
                0x08001898       0x36 CMakeFiles/F407ZG_HAL_CLION.elf.dir/Drivers/STM32F4xx_HAL_Driver/Src/stm32f4xx_hal_uart.c.obj
                0x08001898                UART_Start_Receive_IT
 .text.HAL_UART_Receive_IT
                0x080018ce       0x38 CMakeFiles/F407ZG_HAL_CLION.elf.dir/Drivers/STM32F4xx_HAL_Driver/Src/stm32f4xx_hal_uart.c.obj
                0x080018ce                HAL_UART_Receive_IT
 *fill*         0x08001906        0x2 
 .text.delay_init
                0x08001908        0xc CMakeFiles/F407ZG_HAL_CLION.elf.dir/Drivers/SYSTEM/delay/delay.c.obj
                0x08001908                delay_init
 .text.sys_stm32_clock_init
                0x08001914       0xcc CMakeFiles/F407ZG_HAL_CLION.elf.dir/Drivers/SYSTEM/sys/sys.c.obj
                0x08001914                sys_stm32_clock_init
 .text.__io_putchar
                0x080019e0       0x18 CMakeFiles/F407ZG_HAL_CLION.elf.dir/Drivers/SYSTEM/usart/usart.c.obj
                0x080019e0                __io_putchar
 .text.usart_init
                0x080019f8       0x38 CMakeFiles/F407ZG_HAL_CLION.elf.dir/Drivers/SYSTEM/usart/usart.c.obj
                0x080019f8                usart_init
 .text.HAL_UART_MspInit
                0x08001a30       0x9c CMakeFiles/F407ZG_HAL_CLION.elf.dir/Drivers/SYSTEM/usart/usart.c.obj
                0x08001a30                HAL_UART_MspInit
 .text.HAL_UART_RxCpltCallback
                0x08001acc       0x9c CMakeFiles/F407ZG_HAL_CLION.elf.dir/Drivers/SYSTEM/usart/usart.c.obj
                0x08001acc                HAL_UART_RxCpltCallback
 .text.USART1_IRQHandler
                0x08001b68       0x10 CMakeFiles/F407ZG_HAL_CLION.elf.dir/Drivers/SYSTEM/usart/usart.c.obj
                0x08001b68                USART1_IRQHandler
 .text.main     0x08001b78       0x30 CMakeFiles/F407ZG_HAL_CLION.elf.dir/User/main.c.obj
                0x08001b78                main
 .text.NMI_Handler
                0x08001ba8        0x2 CMakeFiles/F407ZG_HAL_CLION.elf.dir/User/stm32f4xx_it.c.obj
                0x08001ba8                NMI_Handler
 .text.HardFault_Handler
                0x08001baa        0x2 CMakeFiles/F407ZG_HAL_CLION.elf.dir/User/stm32f4xx_it.c.obj
                0x08001baa                HardFault_Handler
 .text.MemManage_Handler
                0x08001bac        0x2 CMakeFiles/F407ZG_HAL_CLION.elf.dir/User/stm32f4xx_it.c.obj
                0x08001bac                MemManage_Handler
 .text.BusFault_Handler
                0x08001bae        0x2 CMakeFiles/F407ZG_HAL_CLION.elf.dir/User/stm32f4xx_it.c.obj
                0x08001bae                BusFault_Handler
 .text.UsageFault_Handler
                0x08001bb0        0x2 CMakeFiles/F407ZG_HAL_CLION.elf.dir/User/stm32f4xx_it.c.obj
                0x08001bb0                UsageFault_Handler
 .text.SVC_Handler
                0x08001bb2        0x2 CMakeFiles/F407ZG_HAL_CLION.elf.dir/User/stm32f4xx_it.c.obj
                0x08001bb2                SVC_Handler
 .text.DebugMon_Handler
                0x08001bb4        0x2 CMakeFiles/F407ZG_HAL_CLION.elf.dir/User/stm32f4xx_it.c.obj
                0x08001bb4                DebugMon_Handler
 .text.PendSV_Handler
                0x08001bb6        0x2 CMakeFiles/F407ZG_HAL_CLION.elf.dir/User/stm32f4xx_it.c.obj
                0x08001bb6                PendSV_Handler
 .text.SysTick_Handler
                0x08001bb8        0x8 CMakeFiles/F407ZG_HAL_CLION.elf.dir/User/stm32f4xx_it.c.obj
                0x08001bb8                SysTick_Handler
 .text._read    0x08001bc0       0x20 CMakeFiles/F407ZG_HAL_CLION.elf.dir/User/syscalls.c.obj
                0x08001bc0                _read
 .text._write   0x08001be0       0x1c CMakeFiles/F407ZG_HAL_CLION.elf.dir/User/syscalls.c.obj
                0x08001be0                _write
 .text._sbrk    0x08001bfc       0x3c CMakeFiles/F407ZG_HAL_CLION.elf.dir/User/syscalls.c.obj
                0x08001bfc                _sbrk
 .text._close   0x08001c38        0x6 CMakeFiles/F407ZG_HAL_CLION.elf.dir/User/syscalls.c.obj
                0x08001c38                _close
 .text._fstat   0x08001c3e        0xa CMakeFiles/F407ZG_HAL_CLION.elf.dir/User/syscalls.c.obj
                0x08001c3e                _fstat
 .text._isatty  0x08001c48        0x4 CMakeFiles/F407ZG_HAL_CLION.elf.dir/User/syscalls.c.obj
                0x08001c48                _isatty
 .text._lseek   0x08001c4c        0x4 CMakeFiles/F407ZG_HAL_CLION.elf.dir/User/syscalls.c.obj
                0x08001c4c                _lseek
 .text.SystemInit
                0x08001c50        0x2 CMakeFiles/F407ZG_HAL_CLION.elf.dir/User/system_stm32f4xx.c.obj
                0x08001c50                SystemInit
 *fill*         0x08001c52        0x2 
 .text.Reset_Handler
                0x08001c54       0x50 CMakeFiles/F407ZG_HAL_CLION.elf.dir/startup/startup_stm32f407xx.s.obj
                0x08001c54                Reset_Handler
 .text.Default_Handler
                0x08001ca4        0x2 CMakeFiles/F407ZG_HAL_CLION.elf.dir/startup/startup_stm32f407xx.s.obj
                0x08001ca4                RTC_Alarm_IRQHandler
                0x08001ca4                HASH_RNG_IRQHandler
                0x08001ca4                EXTI2_IRQHandler
                0x08001ca4                TIM8_CC_IRQHandler
                0x08001ca4                TIM1_CC_IRQHandler
                0x08001ca4                DMA2_Stream5_IRQHandler
                0x08001ca4                DMA1_Stream5_IRQHandler
                0x08001ca4                PVD_IRQHandler
                0x08001ca4                SDIO_IRQHandler
                0x08001ca4                TAMP_STAMP_IRQHandler
                0x08001ca4                CAN2_RX1_IRQHandler
                0x08001ca4                EXTI3_IRQHandler
                0x08001ca4                TIM8_TRG_COM_TIM14_IRQHandler
                0x08001ca4                TIM1_UP_TIM10_IRQHandler
                0x08001ca4                TIM8_UP_TIM13_IRQHandler
                0x08001ca4                I2C3_ER_IRQHandler
                0x08001ca4                EXTI0_IRQHandler
                0x08001ca4                I2C2_EV_IRQHandler
                0x08001ca4                DMA1_Stream2_IRQHandler
                0x08001ca4                CAN1_RX0_IRQHandler
                0x08001ca4                FPU_IRQHandler
                0x08001ca4                OTG_HS_WKUP_IRQHandler
                0x08001ca4                CAN2_SCE_IRQHandler
                0x08001ca4                DMA2_Stream2_IRQHandler
                0x08001ca4                SPI1_IRQHandler
                0x08001ca4                TIM6_DAC_IRQHandler
                0x08001ca4                TIM1_BRK_TIM9_IRQHandler
                0x08001ca4                DCMI_IRQHandler
                0x08001ca4                CAN2_RX0_IRQHandler
                0x08001ca4                DMA2_Stream3_IRQHandler
                0x08001ca4                USART6_IRQHandler
                0x08001ca4                USART3_IRQHandler
                0x08001ca4                CAN1_RX1_IRQHandler
                0x08001ca4                UART5_IRQHandler
                0x08001ca4                DMA2_Stream0_IRQHandler
                0x08001ca4                TIM4_IRQHandler
                0x08001ca4                I2C1_EV_IRQHandler
                0x08001ca4                DMA1_Stream6_IRQHandler
                0x08001ca4                DMA1_Stream1_IRQHandler
                0x08001ca4                UART4_IRQHandler
                0x08001ca4                TIM3_IRQHandler
                0x08001ca4                RCC_IRQHandler
                0x08001ca4                TIM8_BRK_TIM12_IRQHandler
                0x08001ca4                Default_Handler
                0x08001ca4                EXTI15_10_IRQHandler
                0x08001ca4                ADC_IRQHandler
                0x08001ca4                DMA1_Stream7_IRQHandler
                0x08001ca4                TIM7_IRQHandler
                0x08001ca4                CAN2_TX_IRQHandler
                0x08001ca4                TIM5_IRQHandler
                0x08001ca4                DMA2_Stream7_IRQHandler
                0x08001ca4                I2C3_EV_IRQHandler
                0x08001ca4                EXTI9_5_IRQHandler
                0x08001ca4                RTC_WKUP_IRQHandler
                0x08001ca4                ETH_WKUP_IRQHandler
                0x08001ca4                SPI2_IRQHandler
                0x08001ca4                OTG_HS_EP1_IN_IRQHandler
                0x08001ca4                DMA1_Stream0_IRQHandler
                0x08001ca4                CAN1_TX_IRQHandler
                0x08001ca4                EXTI4_IRQHandler
                0x08001ca4                FSMC_IRQHandler
                0x08001ca4                ETH_IRQHandler
                0x08001ca4                OTG_HS_EP1_OUT_IRQHandler
                0x08001ca4                WWDG_IRQHandler
                0x08001ca4                TIM2_IRQHandler
                0x08001ca4                OTG_FS_WKUP_IRQHandler
                0x08001ca4                TIM1_TRG_COM_TIM11_IRQHandler
                0x08001ca4                OTG_HS_IRQHandler
                0x08001ca4                EXTI1_IRQHandler
                0x08001ca4                USART2_IRQHandler
                0x08001ca4                I2C2_ER_IRQHandler
                0x08001ca4                DMA2_Stream1_IRQHandler
                0x08001ca4                CAN1_SCE_IRQHandler
                0x08001ca4                FLASH_IRQHandler
                0x08001ca4                DMA2_Stream4_IRQHandler
                0x08001ca4                OTG_FS_IRQHandler
                0x08001ca4                SPI3_IRQHandler
                0x08001ca4                DMA1_Stream4_IRQHandler
                0x08001ca4                I2C1_ER_IRQHandler
                0x08001ca4                DMA2_Stream6_IRQHandler
                0x08001ca4                DMA1_Stream3_IRQHandler
 *fill*         0x08001ca6        0x2 
 .text.__errno  0x08001ca8        0xc d:/program files/gcc-arm-none-eabi/bin/../lib/gcc/arm-none-eabi/10.3.1/../../../../arm-none-eabi/lib/thumb/v7e-m/nofp\libg.a(lib_a-errno.o)
                0x08001ca8                __errno
 .text.__libc_init_array
                0x08001cb4       0x48 d:/program files/gcc-arm-none-eabi/bin/../lib/gcc/arm-none-eabi/10.3.1/../../../../arm-none-eabi/lib/thumb/v7e-m/nofp\libg.a(lib_a-init.o)
                0x08001cb4                __libc_init_array
 .text.memset   0x08001cfc       0xa4 d:/program files/gcc-arm-none-eabi/bin/../lib/gcc/arm-none-eabi/10.3.1/../../../../arm-none-eabi/lib/thumb/v7e-m/nofp\libg.a(lib_a-memset.o)
                0x08001cfc                memset
 .text._puts_r  0x08001da0       0x9c d:/program files/gcc-arm-none-eabi/bin/../lib/gcc/arm-none-eabi/10.3.1/../../../../arm-none-eabi/lib/thumb/v7e-m/nofp\libg.a(lib_a-puts.o)
                0x08001da0                _puts_r
 .text.puts     0x08001e3c       0x10 d:/program files/gcc-arm-none-eabi/bin/../lib/gcc/arm-none-eabi/10.3.1/../../../../arm-none-eabi/lib/thumb/v7e-m/nofp\libg.a(lib_a-puts.o)
                0x08001e3c                puts
 .text.startup.register_fini
                0x08001e4c       0x14 d:/program files/gcc-arm-none-eabi/bin/../lib/gcc/arm-none-eabi/10.3.1/../../../../arm-none-eabi/lib/thumb/v7e-m/nofp\libg.a(lib_a-__call_atexit.o)
 .text.atexit   0x08001e60        0xc d:/program files/gcc-arm-none-eabi/bin/../lib/gcc/arm-none-eabi/10.3.1/../../../../arm-none-eabi/lib/thumb/v7e-m/nofp\libg.a(lib_a-atexit.o)
                0x08001e60                atexit
 .text._cleanup_r
                0x08001e6c        0xc d:/program files/gcc-arm-none-eabi/bin/../lib/gcc/arm-none-eabi/10.3.1/../../../../arm-none-eabi/lib/thumb/v7e-m/nofp\libg.a(lib_a-findfp.o)
                0x08001e6c                _cleanup_r
 .text.__sinit  0x08001e78      0x10c d:/program files/gcc-arm-none-eabi/bin/../lib/gcc/arm-none-eabi/10.3.1/../../../../arm-none-eabi/lib/thumb/v7e-m/nofp\libg.a(lib_a-findfp.o)
                0x08001e78                __sinit
 .text.__sfp_lock_acquire
                0x08001f84        0xc d:/program files/gcc-arm-none-eabi/bin/../lib/gcc/arm-none-eabi/10.3.1/../../../../arm-none-eabi/lib/thumb/v7e-m/nofp\libg.a(lib_a-findfp.o)
                0x08001f84                __sfp_lock_acquire
 .text.__sfp_lock_release
                0x08001f90        0xc d:/program files/gcc-arm-none-eabi/bin/../lib/gcc/arm-none-eabi/10.3.1/../../../../arm-none-eabi/lib/thumb/v7e-m/nofp\libg.a(lib_a-findfp.o)
                0x08001f90                __sfp_lock_release
 .text.__libc_fini_array
                0x08001f9c       0x2c d:/program files/gcc-arm-none-eabi/bin/../lib/gcc/arm-none-eabi/10.3.1/../../../../arm-none-eabi/lib/thumb/v7e-m/nofp\libg.a(lib_a-fini.o)
                0x08001f9c                __libc_fini_array
 .text.__sfvwrite_r
                0x08001fc8      0x2e8 d:/program files/gcc-arm-none-eabi/bin/../lib/gcc/arm-none-eabi/10.3.1/../../../../arm-none-eabi/lib/thumb/v7e-m/nofp\libg.a(lib_a-fvwrite.o)
                0x08001fc8                __sfvwrite_r
 .text._fwalk_reent
                0x080022b0       0x48 d:/program files/gcc-arm-none-eabi/bin/../lib/gcc/arm-none-eabi/10.3.1/../../../../arm-none-eabi/lib/thumb/v7e-m/nofp\libg.a(lib_a-fwalk.o)
                0x080022b0                _fwalk_reent
 .text.__retarget_lock_init_recursive
                0x080022f8        0x4 d:/program files/gcc-arm-none-eabi/bin/../lib/gcc/arm-none-eabi/10.3.1/../../../../arm-none-eabi/lib/thumb/v7e-m/nofp\libg.a(lib_a-lock.o)
                0x080022f8                __retarget_lock_init_recursive
 .text.__retarget_lock_close_recursive
                0x080022fc        0x4 d:/program files/gcc-arm-none-eabi/bin/../lib/gcc/arm-none-eabi/10.3.1/../../../../arm-none-eabi/lib/thumb/v7e-m/nofp\libg.a(lib_a-lock.o)
                0x080022fc                __retarget_lock_close_recursive
 .text.__retarget_lock_acquire_recursive
                0x08002300        0x4 d:/program files/gcc-arm-none-eabi/bin/../lib/gcc/arm-none-eabi/10.3.1/../../../../arm-none-eabi/lib/thumb/v7e-m/nofp\libg.a(lib_a-lock.o)
                0x08002300                __retarget_lock_acquire_recursive
 .text.__retarget_lock_release_recursive
                0x08002304        0x4 d:/program files/gcc-arm-none-eabi/bin/../lib/gcc/arm-none-eabi/10.3.1/../../../../arm-none-eabi/lib/thumb/v7e-m/nofp\libg.a(lib_a-lock.o)
                0x08002304                __retarget_lock_release_recursive
 .text._malloc_r
                0x08002308      0x560 d:/program files/gcc-arm-none-eabi/bin/../lib/gcc/arm-none-eabi/10.3.1/../../../../arm-none-eabi/lib/thumb/v7e-m/nofp\libg.a(lib_a-mallocr.o)
                0x08002308                _malloc_r
 .text.memmove  0x08002868       0xf8 d:/program files/gcc-arm-none-eabi/bin/../lib/gcc/arm-none-eabi/10.3.1/../../../../arm-none-eabi/lib/thumb/v7e-m/nofp\libg.a(lib_a-memmove.o)
                0x08002868                memmove
 .text.__malloc_lock
                0x08002960        0xc d:/program files/gcc-arm-none-eabi/bin/../lib/gcc/arm-none-eabi/10.3.1/../../../../arm-none-eabi/lib/thumb/v7e-m/nofp\libg.a(lib_a-mlock.o)
                0x08002960                __malloc_lock
 .text.__malloc_unlock
                0x0800296c        0xc d:/program files/gcc-arm-none-eabi/bin/../lib/gcc/arm-none-eabi/10.3.1/../../../../arm-none-eabi/lib/thumb/v7e-m/nofp\libg.a(lib_a-mlock.o)
                0x0800296c                __malloc_unlock
 .text._realloc_r
                0x08002978      0x3d8 d:/program files/gcc-arm-none-eabi/bin/../lib/gcc/arm-none-eabi/10.3.1/../../../../arm-none-eabi/lib/thumb/v7e-m/nofp\libg.a(lib_a-reallocr.o)
                0x08002978                _realloc_r
 .text._sbrk_r  0x08002d50       0x24 d:/program files/gcc-arm-none-eabi/bin/../lib/gcc/arm-none-eabi/10.3.1/../../../../arm-none-eabi/lib/thumb/v7e-m/nofp\libg.a(lib_a-sbrkr.o)
                0x08002d50                _sbrk_r
 .text.__sread  0x08002d74       0x24 d:/program files/gcc-arm-none-eabi/bin/../lib/gcc/arm-none-eabi/10.3.1/../../../../arm-none-eabi/lib/thumb/v7e-m/nofp\libg.a(lib_a-stdio.o)
                0x08002d74                __sread
 .text.__swrite
                0x08002d98       0x40 d:/program files/gcc-arm-none-eabi/bin/../lib/gcc/arm-none-eabi/10.3.1/../../../../arm-none-eabi/lib/thumb/v7e-m/nofp\libg.a(lib_a-stdio.o)
                0x08002d98                __swrite
 .text.__sseek  0x08002dd8       0x20 d:/program files/gcc-arm-none-eabi/bin/../lib/gcc/arm-none-eabi/10.3.1/../../../../arm-none-eabi/lib/thumb/v7e-m/nofp\libg.a(lib_a-stdio.o)
                0x08002dd8                __sseek
 .text.__sclose
                0x08002df8        0x8 d:/program files/gcc-arm-none-eabi/bin/../lib/gcc/arm-none-eabi/10.3.1/../../../../arm-none-eabi/lib/thumb/v7e-m/nofp\libg.a(lib_a-stdio.o)
                0x08002df8                __sclose
 .text._write_r
                0x08002e00       0x2c d:/program files/gcc-arm-none-eabi/bin/../lib/gcc/arm-none-eabi/10.3.1/../../../../arm-none-eabi/lib/thumb/v7e-m/nofp\libg.a(lib_a-writer.o)
                0x08002e00                _write_r
 .text.__swsetup_r
                0x08002e2c       0xd4 d:/program files/gcc-arm-none-eabi/bin/../lib/gcc/arm-none-eabi/10.3.1/../../../../arm-none-eabi/lib/thumb/v7e-m/nofp\libg.a(lib_a-wsetup.o)
                0x08002e2c                __swsetup_r
 .text.__register_exitproc
                0x08002f00       0x8c d:/program files/gcc-arm-none-eabi/bin/../lib/gcc/arm-none-eabi/10.3.1/../../../../arm-none-eabi/lib/thumb/v7e-m/nofp\libg.a(lib_a-__atexit.o)
                0x08002f00                __register_exitproc
 .text._close_r
                0x08002f8c       0x24 d:/program files/gcc-arm-none-eabi/bin/../lib/gcc/arm-none-eabi/10.3.1/../../../../arm-none-eabi/lib/thumb/v7e-m/nofp\libg.a(lib_a-closer.o)
                0x08002f8c                _close_r
 .text._fclose_r
                0x08002fb0       0xcc d:/program files/gcc-arm-none-eabi/bin/../lib/gcc/arm-none-eabi/10.3.1/../../../../arm-none-eabi/lib/thumb/v7e-m/nofp\libg.a(lib_a-fclose.o)
                0x08002fb0                _fclose_r
 .text.__sflush_r
                0x0800307c      0x120 d:/program files/gcc-arm-none-eabi/bin/../lib/gcc/arm-none-eabi/10.3.1/../../../../arm-none-eabi/lib/thumb/v7e-m/nofp\libg.a(lib_a-fflush.o)
                0x0800307c                __sflush_r
 .text._fflush_r
                0x0800319c       0x5c d:/program files/gcc-arm-none-eabi/bin/../lib/gcc/arm-none-eabi/10.3.1/../../../../arm-none-eabi/lib/thumb/v7e-m/nofp\libg.a(lib_a-fflush.o)
                0x0800319c                _fflush_r
 .text._malloc_trim_r
                0x080031f8       0xa0 d:/program files/gcc-arm-none-eabi/bin/../lib/gcc/arm-none-eabi/10.3.1/../../../../arm-none-eabi/lib/thumb/v7e-m/nofp\libg.a(lib_a-freer.o)
                0x080031f8                _malloc_trim_r
 .text._free_r  0x08003298      0x20c d:/program files/gcc-arm-none-eabi/bin/../lib/gcc/arm-none-eabi/10.3.1/../../../../arm-none-eabi/lib/thumb/v7e-m/nofp\libg.a(lib_a-freer.o)
                0x08003298                _free_r
 .text._lseek_r
                0x080034a4       0x2c d:/program files/gcc-arm-none-eabi/bin/../lib/gcc/arm-none-eabi/10.3.1/../../../../arm-none-eabi/lib/thumb/v7e-m/nofp\libg.a(lib_a-lseekr.o)
                0x080034a4                _lseek_r
 .text.__smakebuf_r
                0x080034d0       0xe0 d:/program files/gcc-arm-none-eabi/bin/../lib/gcc/arm-none-eabi/10.3.1/../../../../arm-none-eabi/lib/thumb/v7e-m/nofp\libg.a(lib_a-makebuf.o)
                0x080034d0                __smakebuf_r
 .text._read_r  0x080035b0       0x2c d:/program files/gcc-arm-none-eabi/bin/../lib/gcc/arm-none-eabi/10.3.1/../../../../arm-none-eabi/lib/thumb/v7e-m/nofp\libg.a(lib_a-readr.o)
                0x080035b0                _read_r
 .text._fstat_r
                0x080035dc       0x2c d:/program files/gcc-arm-none-eabi/bin/../lib/gcc/arm-none-eabi/10.3.1/../../../../arm-none-eabi/lib/thumb/v7e-m/nofp\libg.a(lib_a-fstatr.o)
                0x080035dc                _fstat_r
 .text._isatty_r
                0x08003608       0x24 d:/program files/gcc-arm-none-eabi/bin/../lib/gcc/arm-none-eabi/10.3.1/../../../../arm-none-eabi/lib/thumb/v7e-m/nofp\libg.a(lib_a-isattyr.o)
                0x08003608                _isatty_r
 *(.glue_7)
 .glue_7        0x0800362c        0x0 linker stubs
 *(.glue_7t)
 .glue_7t       0x0800362c        0x0 linker stubs
 *(.eh_frame)
 .eh_frame      0x0800362c        0x0 d:/program files/gcc-arm-none-eabi/bin/../lib/gcc/arm-none-eabi/10.3.1/thumb/v7e-m/nofp/crtbegin.o
 *(.init)
 .init          0x0800362c        0x4 d:/program files/gcc-arm-none-eabi/bin/../lib/gcc/arm-none-eabi/10.3.1/thumb/v7e-m/nofp/crti.o
                0x0800362c                _init
 .init          0x08003630        0x8 d:/program files/gcc-arm-none-eabi/bin/../lib/gcc/arm-none-eabi/10.3.1/thumb/v7e-m/nofp/crtn.o
 *(.fini)
 .fini          0x08003638        0x4 d:/program files/gcc-arm-none-eabi/bin/../lib/gcc/arm-none-eabi/10.3.1/thumb/v7e-m/nofp/crti.o
                0x08003638                _fini
 .fini          0x0800363c        0x8 d:/program files/gcc-arm-none-eabi/bin/../lib/gcc/arm-none-eabi/10.3.1/thumb/v7e-m/nofp/crtn.o
                0x08003644                . = ALIGN (0x4)
                0x08003644                _etext = .

.vfp11_veneer   0x08003644        0x0
 .vfp11_veneer  0x08003644        0x0 linker stubs

.v4_bx          0x08003644        0x0
 .v4_bx         0x08003644        0x0 linker stubs

.iplt           0x08003644        0x0
 .iplt          0x08003644        0x0 d:/program files/gcc-arm-none-eabi/bin/../lib/gcc/arm-none-eabi/10.3.1/thumb/v7e-m/nofp/crtbegin.o

.rodata         0x08003644       0x28
                0x08003644                . = ALIGN (0x4)
 *(.rodata)
 *(.rodata*)
 .rodata.main.str1.4
                0x08003644        0x6 CMakeFiles/F407ZG_HAL_CLION.elf.dir/User/main.c.obj
 *fill*         0x0800364a        0x2 
 .rodata.AHBPrescTable
                0x0800364c       0x10 CMakeFiles/F407ZG_HAL_CLION.elf.dir/User/system_stm32f4xx.c.obj
                0x0800364c                AHBPrescTable
 .rodata.APBPrescTable
                0x0800365c        0x8 CMakeFiles/F407ZG_HAL_CLION.elf.dir/User/system_stm32f4xx.c.obj
                0x0800365c                APBPrescTable
 .rodata._global_impure_ptr
                0x08003664        0x4 d:/program files/gcc-arm-none-eabi/bin/../lib/gcc/arm-none-eabi/10.3.1/../../../../arm-none-eabi/lib/thumb/v7e-m/nofp\libg.a(lib_a-impure.o)
                0x08003664                _global_impure_ptr
 .rodata._puts_r.str1.4
                0x08003668        0x2 d:/program files/gcc-arm-none-eabi/bin/../lib/gcc/arm-none-eabi/10.3.1/../../../../arm-none-eabi/lib/thumb/v7e-m/nofp\libg.a(lib_a-puts.o)
                0x0800366c                . = ALIGN (0x4)
 *fill*         0x0800366a        0x2 

.ARM.extab
 *(.ARM.extab* .gnu.linkonce.armextab.*)

.ARM            0x0800366c        0x8
                0x0800366c                __exidx_start = .
 *(.ARM.exidx*)
 .ARM.exidx     0x0800366c        0x8 d:/program files/gcc-arm-none-eabi/bin/../lib/gcc/arm-none-eabi/10.3.1/thumb/v7e-m/nofp\libgcc.a(_udivmoddi4.o)
                0x08003674                __exidx_end = .

.rel.dyn        0x08003674        0x0
 .rel.iplt      0x08003674        0x0 d:/program files/gcc-arm-none-eabi/bin/../lib/gcc/arm-none-eabi/10.3.1/thumb/v7e-m/nofp/crtbegin.o

.preinit_array  0x08003674        0x0
                0x08003674                PROVIDE (__preinit_array_start = .)
 *(.preinit_array*)
                0x08003674                PROVIDE (__preinit_array_end = .)

.init_array     0x08003674        0x8
                0x08003674                PROVIDE (__init_array_start = .)
 *(SORT_BY_NAME(.init_array.*))
 .init_array.00000
                0x08003674        0x4 d:/program files/gcc-arm-none-eabi/bin/../lib/gcc/arm-none-eabi/10.3.1/../../../../arm-none-eabi/lib/thumb/v7e-m/nofp\libg.a(lib_a-__call_atexit.o)
 *(.init_array*)
 .init_array    0x08003678        0x4 d:/program files/gcc-arm-none-eabi/bin/../lib/gcc/arm-none-eabi/10.3.1/thumb/v7e-m/nofp/crtbegin.o
                0x0800367c                PROVIDE (__init_array_end = .)

.fini_array     0x0800367c        0x4
                0x0800367c                PROVIDE (__fini_array_start = .)
 *(SORT_BY_NAME(.fini_array.*))
 *(.fini_array*)
 .fini_array    0x0800367c        0x4 d:/program files/gcc-arm-none-eabi/bin/../lib/gcc/arm-none-eabi/10.3.1/thumb/v7e-m/nofp/crtbegin.o
                0x08003680                PROVIDE (__fini_array_end = .)
                0x08003680                _sidata = LOADADDR (.data)

.data           0x20000000      0x84c load address 0x08003680
                0x20000000                . = ALIGN (0x4)
                0x20000000                _sdata = .
 *(.data)
 *(.data*)
 .data.uwTickFreq
                0x20000000        0x1 CMakeFiles/F407ZG_HAL_CLION.elf.dir/Drivers/STM32F4xx_HAL_Driver/Src/stm32f4xx_hal.c.obj
                0x20000000                uwTickFreq
 *fill*         0x20000001        0x3 
 .data.uwTickPrio
                0x20000004        0x4 CMakeFiles/F407ZG_HAL_CLION.elf.dir/Drivers/STM32F4xx_HAL_Driver/Src/stm32f4xx_hal.c.obj
                0x20000004                uwTickPrio
 .data.SystemCoreClock
                0x20000008        0x4 CMakeFiles/F407ZG_HAL_CLION.elf.dir/User/system_stm32f4xx.c.obj
                0x20000008                SystemCoreClock
 .data._impure_ptr
                0x2000000c        0x4 d:/program files/gcc-arm-none-eabi/bin/../lib/gcc/arm-none-eabi/10.3.1/../../../../arm-none-eabi/lib/thumb/v7e-m/nofp\libg.a(lib_a-impure.o)
                0x2000000c                _impure_ptr
 .data.impure_data
                0x20000010      0x428 d:/program files/gcc-arm-none-eabi/bin/../lib/gcc/arm-none-eabi/10.3.1/../../../../arm-none-eabi/lib/thumb/v7e-m/nofp\libg.a(lib_a-impure.o)
 .data.__atexit_recursive_mutex
                0x20000438        0x4 d:/program files/gcc-arm-none-eabi/bin/../lib/gcc/arm-none-eabi/10.3.1/../../../../arm-none-eabi/lib/thumb/v7e-m/nofp\libg.a(lib_a-__call_atexit.o)
                0x20000438                __atexit_recursive_mutex
 .data.__malloc_av_
                0x2000043c      0x408 d:/program files/gcc-arm-none-eabi/bin/../lib/gcc/arm-none-eabi/10.3.1/../../../../arm-none-eabi/lib/thumb/v7e-m/nofp\libg.a(lib_a-mallocr.o)
                0x2000043c                __malloc_av_
 .data.__malloc_sbrk_base
                0x20000844        0x4 d:/program files/gcc-arm-none-eabi/bin/../lib/gcc/arm-none-eabi/10.3.1/../../../../arm-none-eabi/lib/thumb/v7e-m/nofp\libg.a(lib_a-mallocr.o)
                0x20000844                __malloc_sbrk_base
 .data.__malloc_trim_threshold
                0x20000848        0x4 d:/program files/gcc-arm-none-eabi/bin/../lib/gcc/arm-none-eabi/10.3.1/../../../../arm-none-eabi/lib/thumb/v7e-m/nofp\libg.a(lib_a-mallocr.o)
                0x20000848                __malloc_trim_threshold
                0x2000084c                . = ALIGN (0x4)
                0x2000084c                _edata = .
                0x08003ecc                _siccmram = LOADADDR (.ccmram)

.igot.plt       0x2000084c        0x0 load address 0x08003ecc
 .igot.plt      0x2000084c        0x0 d:/program files/gcc-arm-none-eabi/bin/../lib/gcc/arm-none-eabi/10.3.1/thumb/v7e-m/nofp/crtbegin.o

.ccmram         0x10000000        0x0 load address 0x08003ecc
                0x10000000                . = ALIGN (0x4)
                0x10000000                _sccmram = .
 *(.ccmram)
 *(.ccmram*)
                0x10000000                . = ALIGN (0x4)
                0x10000000                _eccmram = .
                0x10000000                . = ALIGN (0x4)

.bss            0x2000084c      0x184
                0x2000084c                _sbss = .
                0x2000084c                __bss_start__ = _sbss
 *(.bss)
 .bss           0x2000084c       0x1c d:/program files/gcc-arm-none-eabi/bin/../lib/gcc/arm-none-eabi/10.3.1/thumb/v7e-m/nofp/crtbegin.o
 *(.bss*)
 .bss.uwTick    0x20000868        0x4 CMakeFiles/F407ZG_HAL_CLION.elf.dir/Drivers/STM32F4xx_HAL_Driver/Src/stm32f4xx_hal.c.obj
                0x20000868                uwTick
 .bss.g_fac_us  0x2000086c        0x4 CMakeFiles/F407ZG_HAL_CLION.elf.dir/Drivers/SYSTEM/delay/delay.c.obj
 .bss.g_rx_buffer
                0x20000870        0x1 CMakeFiles/F407ZG_HAL_CLION.elf.dir/Drivers/SYSTEM/usart/usart.c.obj
                0x20000870                g_rx_buffer
 *fill*         0x20000871        0x3 
 .bss.g_uart1_handle
                0x20000874       0x44 CMakeFiles/F407ZG_HAL_CLION.elf.dir/Drivers/SYSTEM/usart/usart.c.obj
                0x20000874                g_uart1_handle
 .bss.g_usart_rx_buf
                0x200008b8       0xc8 CMakeFiles/F407ZG_HAL_CLION.elf.dir/Drivers/SYSTEM/usart/usart.c.obj
                0x200008b8                g_usart_rx_buf
 .bss.g_usart_rx_sta
                0x20000980        0x2 CMakeFiles/F407ZG_HAL_CLION.elf.dir/Drivers/SYSTEM/usart/usart.c.obj
                0x20000980                g_usart_rx_sta
 *fill*         0x20000982        0x2 
 .bss.heap_end.0
                0x20000984        0x4 CMakeFiles/F407ZG_HAL_CLION.elf.dir/User/syscalls.c.obj
 .bss.__lock___atexit_recursive_mutex
                0x20000988        0x1 d:/program files/gcc-arm-none-eabi/bin/../lib/gcc/arm-none-eabi/10.3.1/../../../../arm-none-eabi/lib/thumb/v7e-m/nofp\libg.a(lib_a-lock.o)
                0x20000988                __lock___atexit_recursive_mutex
 *fill*         0x20000989        0x3 
 .bss.__lock___malloc_recursive_mutex
                0x2000098c        0x1 d:/program files/gcc-arm-none-eabi/bin/../lib/gcc/arm-none-eabi/10.3.1/../../../../arm-none-eabi/lib/thumb/v7e-m/nofp\libg.a(lib_a-lock.o)
                0x2000098c                __lock___malloc_recursive_mutex
 *fill*         0x2000098d        0x3 
 .bss.__lock___sfp_recursive_mutex
                0x20000990        0x1 d:/program files/gcc-arm-none-eabi/bin/../lib/gcc/arm-none-eabi/10.3.1/../../../../arm-none-eabi/lib/thumb/v7e-m/nofp\libg.a(lib_a-lock.o)
                0x20000990                __lock___sfp_recursive_mutex
 *fill*         0x20000991        0x3 
 .bss.__lock___sinit_recursive_mutex
                0x20000994        0x1 d:/program files/gcc-arm-none-eabi/bin/../lib/gcc/arm-none-eabi/10.3.1/../../../../arm-none-eabi/lib/thumb/v7e-m/nofp\libg.a(lib_a-lock.o)
                0x20000994                __lock___sinit_recursive_mutex
 *fill*         0x20000995        0x3 
 .bss.__malloc_current_mallinfo
                0x20000998       0x28 d:/program files/gcc-arm-none-eabi/bin/../lib/gcc/arm-none-eabi/10.3.1/../../../../arm-none-eabi/lib/thumb/v7e-m/nofp\libg.a(lib_a-mallocr.o)
                0x20000998                __malloc_current_mallinfo
 .bss.__malloc_max_sbrked_mem
                0x200009c0        0x4 d:/program files/gcc-arm-none-eabi/bin/../lib/gcc/arm-none-eabi/10.3.1/../../../../arm-none-eabi/lib/thumb/v7e-m/nofp\libg.a(lib_a-mallocr.o)
                0x200009c0                __malloc_max_sbrked_mem
 .bss.__malloc_max_total_mem
                0x200009c4        0x4 d:/program files/gcc-arm-none-eabi/bin/../lib/gcc/arm-none-eabi/10.3.1/../../../../arm-none-eabi/lib/thumb/v7e-m/nofp\libg.a(lib_a-mallocr.o)
                0x200009c4                __malloc_max_total_mem
 .bss.__malloc_top_pad
                0x200009c8        0x4 d:/program files/gcc-arm-none-eabi/bin/../lib/gcc/arm-none-eabi/10.3.1/../../../../arm-none-eabi/lib/thumb/v7e-m/nofp\libg.a(lib_a-mallocr.o)
                0x200009c8                __malloc_top_pad
 .bss.errno     0x200009cc        0x4 d:/program files/gcc-arm-none-eabi/bin/../lib/gcc/arm-none-eabi/10.3.1/../../../../arm-none-eabi/lib/thumb/v7e-m/nofp\libg.a(lib_a-reent.o)
                0x200009cc                errno
 *(COMMON)
                0x200009d0                . = ALIGN (0x4)
                0x200009d0                _ebss = .
                0x200009d0                __bss_end__ = _ebss

._user_heap_stack
                0x200009d0      0x600
                0x200009d0                . = ALIGN (0x8)
                0x200009d0                PROVIDE (end = .)
                [!provide]                PROVIDE (_end = .)
                0x20000bd0                . = (. + _Min_Heap_Size)
 *fill*         0x200009d0      0x200 
                0x20000fd0                . = (. + _Min_Stack_Size)
 *fill*         0x20000bd0      0x400 
                0x20000fd0                . = ALIGN (0x8)

/DISCARD/
 libc.a(*)
 libm.a(*)
 libgcc.a(*)

.ARM.attributes
                0x00000000       0x2a
 *(.ARM.attributes)
 .ARM.attributes
                0x00000000       0x1e d:/program files/gcc-arm-none-eabi/bin/../lib/gcc/arm-none-eabi/10.3.1/thumb/v7e-m/nofp/crti.o
 .ARM.attributes
                0x0000001e       0x2e d:/program files/gcc-arm-none-eabi/bin/../lib/gcc/arm-none-eabi/10.3.1/thumb/v7e-m/nofp/crtbegin.o
 .ARM.attributes
                0x0000004c       0x2e CMakeFiles/F407ZG_HAL_CLION.elf.dir/Drivers/STM32F4xx_HAL_Driver/Src/stm32f4xx_hal.c.obj
 .ARM.attributes
                0x0000007a       0x2e CMakeFiles/F407ZG_HAL_CLION.elf.dir/Drivers/STM32F4xx_HAL_Driver/Src/stm32f4xx_hal_cortex.c.obj
 .ARM.attributes
                0x000000a8       0x2e CMakeFiles/F407ZG_HAL_CLION.elf.dir/Drivers/STM32F4xx_HAL_Driver/Src/stm32f4xx_hal_dma.c.obj
 .ARM.attributes
                0x000000d6       0x2e CMakeFiles/F407ZG_HAL_CLION.elf.dir/Drivers/STM32F4xx_HAL_Driver/Src/stm32f4xx_hal_gpio.c.obj
 .ARM.attributes
                0x00000104       0x2e CMakeFiles/F407ZG_HAL_CLION.elf.dir/Drivers/STM32F4xx_HAL_Driver/Src/stm32f4xx_hal_rcc.c.obj
 .ARM.attributes
                0x00000132       0x2e CMakeFiles/F407ZG_HAL_CLION.elf.dir/Drivers/STM32F4xx_HAL_Driver/Src/stm32f4xx_hal_uart.c.obj
 .ARM.attributes
                0x00000160       0x2e CMakeFiles/F407ZG_HAL_CLION.elf.dir/Drivers/SYSTEM/delay/delay.c.obj
 .ARM.attributes
                0x0000018e       0x2e CMakeFiles/F407ZG_HAL_CLION.elf.dir/Drivers/SYSTEM/sys/sys.c.obj
 .ARM.attributes
                0x000001bc       0x2e CMakeFiles/F407ZG_HAL_CLION.elf.dir/Drivers/SYSTEM/usart/usart.c.obj
 .ARM.attributes
                0x000001ea       0x2e CMakeFiles/F407ZG_HAL_CLION.elf.dir/User/main.c.obj
 .ARM.attributes
                0x00000218       0x2e CMakeFiles/F407ZG_HAL_CLION.elf.dir/User/stm32f4xx_it.c.obj
 .ARM.attributes
                0x00000246       0x2e CMakeFiles/F407ZG_HAL_CLION.elf.dir/User/syscalls.c.obj
 .ARM.attributes
                0x00000274       0x2e CMakeFiles/F407ZG_HAL_CLION.elf.dir/User/system_stm32f4xx.c.obj
 .ARM.attributes
                0x000002a2       0x21 CMakeFiles/F407ZG_HAL_CLION.elf.dir/startup/startup_stm32f407xx.s.obj
 .ARM.attributes
                0x000002c3       0x1e d:/program files/gcc-arm-none-eabi/bin/../lib/gcc/arm-none-eabi/10.3.1/thumb/v7e-m/nofp\libgcc.a(_aeabi_uldivmod.o)
 .ARM.attributes
                0x000002e1       0x2e d:/program files/gcc-arm-none-eabi/bin/../lib/gcc/arm-none-eabi/10.3.1/thumb/v7e-m/nofp\libgcc.a(_udivmoddi4.o)
 .ARM.attributes
                0x0000030f       0x1e d:/program files/gcc-arm-none-eabi/bin/../lib/gcc/arm-none-eabi/10.3.1/thumb/v7e-m/nofp\libgcc.a(_dvmd_tls.o)
 .ARM.attributes
                0x0000032d       0x2e d:/program files/gcc-arm-none-eabi/bin/../lib/gcc/arm-none-eabi/10.3.1/../../../../arm-none-eabi/lib/thumb/v7e-m/nofp\libg.a(lib_a-errno.o)
 .ARM.attributes
                0x0000035b       0x2e d:/program files/gcc-arm-none-eabi/bin/../lib/gcc/arm-none-eabi/10.3.1/../../../../arm-none-eabi/lib/thumb/v7e-m/nofp\libg.a(lib_a-impure.o)
 .ARM.attributes
                0x00000389       0x2e d:/program files/gcc-arm-none-eabi/bin/../lib/gcc/arm-none-eabi/10.3.1/../../../../arm-none-eabi/lib/thumb/v7e-m/nofp\libg.a(lib_a-init.o)
 .ARM.attributes
                0x000003b7       0x2e d:/program files/gcc-arm-none-eabi/bin/../lib/gcc/arm-none-eabi/10.3.1/../../../../arm-none-eabi/lib/thumb/v7e-m/nofp\libg.a(lib_a-memset.o)
 .ARM.attributes
                0x000003e5       0x2e d:/program files/gcc-arm-none-eabi/bin/../lib/gcc/arm-none-eabi/10.3.1/../../../../arm-none-eabi/lib/thumb/v7e-m/nofp\libg.a(lib_a-puts.o)
 .ARM.attributes
                0x00000413       0x1c d:/program files/gcc-arm-none-eabi/bin/../lib/gcc/arm-none-eabi/10.3.1/../../../../arm-none-eabi/lib/thumb/v7e-m/nofp\libg.a(lib_a-strlen.o)
 .ARM.attributes
                0x0000042f       0x2e d:/program files/gcc-arm-none-eabi/bin/../lib/gcc/arm-none-eabi/10.3.1/../../../../arm-none-eabi/lib/thumb/v7e-m/nofp\libg.a(lib_a-__call_atexit.o)
 .ARM.attributes
                0x0000045d       0x2e d:/program files/gcc-arm-none-eabi/bin/../lib/gcc/arm-none-eabi/10.3.1/../../../../arm-none-eabi/lib/thumb/v7e-m/nofp\libg.a(lib_a-atexit.o)
 .ARM.attributes
                0x0000048b       0x2e d:/program files/gcc-arm-none-eabi/bin/../lib/gcc/arm-none-eabi/10.3.1/../../../../arm-none-eabi/lib/thumb/v7e-m/nofp\libg.a(lib_a-findfp.o)
 .ARM.attributes
                0x000004b9       0x2e d:/program files/gcc-arm-none-eabi/bin/../lib/gcc/arm-none-eabi/10.3.1/../../../../arm-none-eabi/lib/thumb/v7e-m/nofp\libg.a(lib_a-fini.o)
 .ARM.attributes
                0x000004e7       0x2e d:/program files/gcc-arm-none-eabi/bin/../lib/gcc/arm-none-eabi/10.3.1/../../../../arm-none-eabi/lib/thumb/v7e-m/nofp\libg.a(lib_a-fvwrite.o)
 .ARM.attributes
                0x00000515       0x2e d:/program files/gcc-arm-none-eabi/bin/../lib/gcc/arm-none-eabi/10.3.1/../../../../arm-none-eabi/lib/thumb/v7e-m/nofp\libg.a(lib_a-fwalk.o)
 .ARM.attributes
                0x00000543       0x2e d:/program files/gcc-arm-none-eabi/bin/../lib/gcc/arm-none-eabi/10.3.1/../../../../arm-none-eabi/lib/thumb/v7e-m/nofp\libg.a(lib_a-lock.o)
 .ARM.attributes
                0x00000571       0x2e d:/program files/gcc-arm-none-eabi/bin/../lib/gcc/arm-none-eabi/10.3.1/../../../../arm-none-eabi/lib/thumb/v7e-m/nofp\libg.a(lib_a-mallocr.o)
 .ARM.attributes
                0x0000059f       0x1c d:/program files/gcc-arm-none-eabi/bin/../lib/gcc/arm-none-eabi/10.3.1/../../../../arm-none-eabi/lib/thumb/v7e-m/nofp\libg.a(lib_a-memchr.o)
 .ARM.attributes
                0x000005bb       0x1c d:/program files/gcc-arm-none-eabi/bin/../lib/gcc/arm-none-eabi/10.3.1/../../../../arm-none-eabi/lib/thumb/v7e-m/nofp\libg.a(lib_a-memcpy.o)
 .ARM.attributes
                0x000005d7       0x2e d:/program files/gcc-arm-none-eabi/bin/../lib/gcc/arm-none-eabi/10.3.1/../../../../arm-none-eabi/lib/thumb/v7e-m/nofp\libg.a(lib_a-memmove.o)
 .ARM.attributes
                0x00000605       0x2e d:/program files/gcc-arm-none-eabi/bin/../lib/gcc/arm-none-eabi/10.3.1/../../../../arm-none-eabi/lib/thumb/v7e-m/nofp\libg.a(lib_a-mlock.o)
 .ARM.attributes
                0x00000633       0x2e d:/program files/gcc-arm-none-eabi/bin/../lib/gcc/arm-none-eabi/10.3.1/../../../../arm-none-eabi/lib/thumb/v7e-m/nofp\libg.a(lib_a-reallocr.o)
 .ARM.attributes
                0x00000661       0x2e d:/program files/gcc-arm-none-eabi/bin/../lib/gcc/arm-none-eabi/10.3.1/../../../../arm-none-eabi/lib/thumb/v7e-m/nofp\libg.a(lib_a-sbrkr.o)
 .ARM.attributes
                0x0000068f       0x2e d:/program files/gcc-arm-none-eabi/bin/../lib/gcc/arm-none-eabi/10.3.1/../../../../arm-none-eabi/lib/thumb/v7e-m/nofp\libg.a(lib_a-stdio.o)
 .ARM.attributes
                0x000006bd       0x2e d:/program files/gcc-arm-none-eabi/bin/../lib/gcc/arm-none-eabi/10.3.1/../../../../arm-none-eabi/lib/thumb/v7e-m/nofp\libg.a(lib_a-writer.o)
 .ARM.attributes
                0x000006eb       0x2e d:/program files/gcc-arm-none-eabi/bin/../lib/gcc/arm-none-eabi/10.3.1/../../../../arm-none-eabi/lib/thumb/v7e-m/nofp\libg.a(lib_a-wsetup.o)
 .ARM.attributes
                0x00000719       0x2e d:/program files/gcc-arm-none-eabi/bin/../lib/gcc/arm-none-eabi/10.3.1/../../../../arm-none-eabi/lib/thumb/v7e-m/nofp\libg.a(lib_a-__atexit.o)
 .ARM.attributes
                0x00000747       0x2e d:/program files/gcc-arm-none-eabi/bin/../lib/gcc/arm-none-eabi/10.3.1/../../../../arm-none-eabi/lib/thumb/v7e-m/nofp\libg.a(lib_a-closer.o)
 .ARM.attributes
                0x00000775       0x2e d:/program files/gcc-arm-none-eabi/bin/../lib/gcc/arm-none-eabi/10.3.1/../../../../arm-none-eabi/lib/thumb/v7e-m/nofp\libg.a(lib_a-fclose.o)
 .ARM.attributes
                0x000007a3       0x2e d:/program files/gcc-arm-none-eabi/bin/../lib/gcc/arm-none-eabi/10.3.1/../../../../arm-none-eabi/lib/thumb/v7e-m/nofp\libg.a(lib_a-fflush.o)
 .ARM.attributes
                0x000007d1       0x2e d:/program files/gcc-arm-none-eabi/bin/../lib/gcc/arm-none-eabi/10.3.1/../../../../arm-none-eabi/lib/thumb/v7e-m/nofp\libg.a(lib_a-freer.o)
 .ARM.attributes
                0x000007ff       0x2e d:/program files/gcc-arm-none-eabi/bin/../lib/gcc/arm-none-eabi/10.3.1/../../../../arm-none-eabi/lib/thumb/v7e-m/nofp\libg.a(lib_a-lseekr.o)
 .ARM.attributes
                0x0000082d       0x2e d:/program files/gcc-arm-none-eabi/bin/../lib/gcc/arm-none-eabi/10.3.1/../../../../arm-none-eabi/lib/thumb/v7e-m/nofp\libg.a(lib_a-makebuf.o)
 .ARM.attributes
                0x0000085b       0x2e d:/program files/gcc-arm-none-eabi/bin/../lib/gcc/arm-none-eabi/10.3.1/../../../../arm-none-eabi/lib/thumb/v7e-m/nofp\libg.a(lib_a-readr.o)
 .ARM.attributes
                0x00000889       0x2e d:/program files/gcc-arm-none-eabi/bin/../lib/gcc/arm-none-eabi/10.3.1/../../../../arm-none-eabi/lib/thumb/v7e-m/nofp\libg.a(lib_a-reent.o)
 .ARM.attributes
                0x000008b7       0x2e d:/program files/gcc-arm-none-eabi/bin/../lib/gcc/arm-none-eabi/10.3.1/../../../../arm-none-eabi/lib/thumb/v7e-m/nofp\libg.a(lib_a-fstatr.o)
 .ARM.attributes
                0x000008e5       0x2e d:/program files/gcc-arm-none-eabi/bin/../lib/gcc/arm-none-eabi/10.3.1/../../../../arm-none-eabi/lib/thumb/v7e-m/nofp\libg.a(lib_a-isattyr.o)
 .ARM.attributes
                0x00000913       0x1e d:/program files/gcc-arm-none-eabi/bin/../lib/gcc/arm-none-eabi/10.3.1/thumb/v7e-m/nofp/crtn.o
OUTPUT(F407ZG_HAL_CLION.elf elf32-littlearm)
LOAD linker stubs
LOAD d:/program files/gcc-arm-none-eabi/bin/../lib/gcc/arm-none-eabi/10.3.1/../../../../arm-none-eabi/lib/thumb/v7e-m/nofp\libc.a
LOAD d:/program files/gcc-arm-none-eabi/bin/../lib/gcc/arm-none-eabi/10.3.1/../../../../arm-none-eabi/lib/thumb/v7e-m/nofp\libm.a
LOAD d:/program files/gcc-arm-none-eabi/bin/../lib/gcc/arm-none-eabi/10.3.1/thumb/v7e-m/nofp\libgcc.a

.debug_info     0x00000000     0x7c4e
 .debug_info    0x00000000      0x9f0 CMakeFiles/F407ZG_HAL_CLION.elf.dir/Drivers/STM32F4xx_HAL_Driver/Src/stm32f4xx_hal.c.obj
 .debug_info    0x000009f0     0x1098 CMakeFiles/F407ZG_HAL_CLION.elf.dir/Drivers/STM32F4xx_HAL_Driver/Src/stm32f4xx_hal_cortex.c.obj
 .debug_info    0x00001a88      0xb3f CMakeFiles/F407ZG_HAL_CLION.elf.dir/Drivers/STM32F4xx_HAL_Driver/Src/stm32f4xx_hal_dma.c.obj
 .debug_info    0x000025c7      0x7b0 CMakeFiles/F407ZG_HAL_CLION.elf.dir/Drivers/STM32F4xx_HAL_Driver/Src/stm32f4xx_hal_gpio.c.obj
 .debug_info    0x00002d77      0xb03 CMakeFiles/F407ZG_HAL_CLION.elf.dir/Drivers/STM32F4xx_HAL_Driver/Src/stm32f4xx_hal_rcc.c.obj
 .debug_info    0x0000387a     0x1cf2 CMakeFiles/F407ZG_HAL_CLION.elf.dir/Drivers/STM32F4xx_HAL_Driver/Src/stm32f4xx_hal_uart.c.obj
 .debug_info    0x0000556c      0x22f CMakeFiles/F407ZG_HAL_CLION.elf.dir/Drivers/SYSTEM/delay/delay.c.obj
 .debug_info    0x0000579b      0x90c CMakeFiles/F407ZG_HAL_CLION.elf.dir/Drivers/SYSTEM/sys/sys.c.obj
 .debug_info    0x000060a7      0xd6a CMakeFiles/F407ZG_HAL_CLION.elf.dir/Drivers/SYSTEM/usart/usart.c.obj
 .debug_info    0x00006e11      0x13a CMakeFiles/F407ZG_HAL_CLION.elf.dir/User/main.c.obj
 .debug_info    0x00006f4b      0x12f CMakeFiles/F407ZG_HAL_CLION.elf.dir/User/stm32f4xx_it.c.obj
 .debug_info    0x0000707a      0x835 CMakeFiles/F407ZG_HAL_CLION.elf.dir/User/syscalls.c.obj
 .debug_info    0x000078af      0x37d CMakeFiles/F407ZG_HAL_CLION.elf.dir/User/system_stm32f4xx.c.obj
 .debug_info    0x00007c2c       0x22 CMakeFiles/F407ZG_HAL_CLION.elf.dir/startup/startup_stm32f407xx.s.obj

.debug_abbrev   0x00000000     0x18ef
 .debug_abbrev  0x00000000      0x206 CMakeFiles/F407ZG_HAL_CLION.elf.dir/Drivers/STM32F4xx_HAL_Driver/Src/stm32f4xx_hal.c.obj
 .debug_abbrev  0x00000206      0x36a CMakeFiles/F407ZG_HAL_CLION.elf.dir/Drivers/STM32F4xx_HAL_Driver/Src/stm32f4xx_hal_cortex.c.obj
 .debug_abbrev  0x00000570      0x2c2 CMakeFiles/F407ZG_HAL_CLION.elf.dir/Drivers/STM32F4xx_HAL_Driver/Src/stm32f4xx_hal_dma.c.obj
 .debug_abbrev  0x00000832      0x1ef CMakeFiles/F407ZG_HAL_CLION.elf.dir/Drivers/STM32F4xx_HAL_Driver/Src/stm32f4xx_hal_gpio.c.obj
 .debug_abbrev  0x00000a21      0x28a CMakeFiles/F407ZG_HAL_CLION.elf.dir/Drivers/STM32F4xx_HAL_Driver/Src/stm32f4xx_hal_rcc.c.obj
 .debug_abbrev  0x00000cab      0x274 CMakeFiles/F407ZG_HAL_CLION.elf.dir/Drivers/STM32F4xx_HAL_Driver/Src/stm32f4xx_hal_uart.c.obj
 .debug_abbrev  0x00000f1f      0x13d CMakeFiles/F407ZG_HAL_CLION.elf.dir/Drivers/SYSTEM/delay/delay.c.obj
 .debug_abbrev  0x0000105c      0x272 CMakeFiles/F407ZG_HAL_CLION.elf.dir/Drivers/SYSTEM/sys/sys.c.obj
 .debug_abbrev  0x000012ce      0x203 CMakeFiles/F407ZG_HAL_CLION.elf.dir/Drivers/SYSTEM/usart/usart.c.obj
 .debug_abbrev  0x000014d1       0x9b CMakeFiles/F407ZG_HAL_CLION.elf.dir/User/main.c.obj
 .debug_abbrev  0x0000156c       0x7e CMakeFiles/F407ZG_HAL_CLION.elf.dir/User/stm32f4xx_it.c.obj
 .debug_abbrev  0x000015ea      0x1da CMakeFiles/F407ZG_HAL_CLION.elf.dir/User/syscalls.c.obj
 .debug_abbrev  0x000017c4      0x119 CMakeFiles/F407ZG_HAL_CLION.elf.dir/User/system_stm32f4xx.c.obj
 .debug_abbrev  0x000018dd       0x12 CMakeFiles/F407ZG_HAL_CLION.elf.dir/startup/startup_stm32f407xx.s.obj

.debug_loc      0x00000000     0x4802
 .debug_loc     0x00000000      0x141 CMakeFiles/F407ZG_HAL_CLION.elf.dir/Drivers/STM32F4xx_HAL_Driver/Src/stm32f4xx_hal.c.obj
 .debug_loc     0x00000141      0x744 CMakeFiles/F407ZG_HAL_CLION.elf.dir/Drivers/STM32F4xx_HAL_Driver/Src/stm32f4xx_hal_cortex.c.obj
 .debug_loc     0x00000885      0xbf9 CMakeFiles/F407ZG_HAL_CLION.elf.dir/Drivers/STM32F4xx_HAL_Driver/Src/stm32f4xx_hal_dma.c.obj
 .debug_loc     0x0000147e      0x520 CMakeFiles/F407ZG_HAL_CLION.elf.dir/Drivers/STM32F4xx_HAL_Driver/Src/stm32f4xx_hal_gpio.c.obj
 .debug_loc     0x0000199e      0x58c CMakeFiles/F407ZG_HAL_CLION.elf.dir/Drivers/STM32F4xx_HAL_Driver/Src/stm32f4xx_hal_rcc.c.obj
 .debug_loc     0x00001f2a     0x203b CMakeFiles/F407ZG_HAL_CLION.elf.dir/Drivers/STM32F4xx_HAL_Driver/Src/stm32f4xx_hal_uart.c.obj
 .debug_loc     0x00003f65      0x134 CMakeFiles/F407ZG_HAL_CLION.elf.dir/Drivers/SYSTEM/delay/delay.c.obj
 .debug_loc     0x00004099       0xff CMakeFiles/F407ZG_HAL_CLION.elf.dir/Drivers/SYSTEM/sys/sys.c.obj
 .debug_loc     0x00004198       0xdc CMakeFiles/F407ZG_HAL_CLION.elf.dir/Drivers/SYSTEM/usart/usart.c.obj
 .debug_loc     0x00004274      0x436 CMakeFiles/F407ZG_HAL_CLION.elf.dir/User/syscalls.c.obj
 .debug_loc     0x000046aa      0x158 CMakeFiles/F407ZG_HAL_CLION.elf.dir/User/system_stm32f4xx.c.obj

.debug_aranges  0x00000000      0x758
 .debug_aranges
                0x00000000       0xf0 CMakeFiles/F407ZG_HAL_CLION.elf.dir/Drivers/STM32F4xx_HAL_Driver/Src/stm32f4xx_hal.c.obj
 .debug_aranges
                0x000000f0       0xa8 CMakeFiles/F407ZG_HAL_CLION.elf.dir/Drivers/STM32F4xx_HAL_Driver/Src/stm32f4xx_hal_cortex.c.obj
 .debug_aranges
                0x00000198       0x90 CMakeFiles/F407ZG_HAL_CLION.elf.dir/Drivers/STM32F4xx_HAL_Driver/Src/stm32f4xx_hal_dma.c.obj
 .debug_aranges
                0x00000228       0x58 CMakeFiles/F407ZG_HAL_CLION.elf.dir/Drivers/STM32F4xx_HAL_Driver/Src/stm32f4xx_hal_gpio.c.obj
 .debug_aranges
                0x00000280       0x88 CMakeFiles/F407ZG_HAL_CLION.elf.dir/Drivers/STM32F4xx_HAL_Driver/Src/stm32f4xx_hal_rcc.c.obj
 .debug_aranges
                0x00000308      0x200 CMakeFiles/F407ZG_HAL_CLION.elf.dir/Drivers/STM32F4xx_HAL_Driver/Src/stm32f4xx_hal_uart.c.obj
 .debug_aranges
                0x00000508       0x38 CMakeFiles/F407ZG_HAL_CLION.elf.dir/Drivers/SYSTEM/delay/delay.c.obj
 .debug_aranges
                0x00000540       0x58 CMakeFiles/F407ZG_HAL_CLION.elf.dir/Drivers/SYSTEM/sys/sys.c.obj
 .debug_aranges
                0x00000598       0x40 CMakeFiles/F407ZG_HAL_CLION.elf.dir/Drivers/SYSTEM/usart/usart.c.obj
 .debug_aranges
                0x000005d8       0x20 CMakeFiles/F407ZG_HAL_CLION.elf.dir/User/main.c.obj
 .debug_aranges
                0x000005f8       0x60 CMakeFiles/F407ZG_HAL_CLION.elf.dir/User/stm32f4xx_it.c.obj
 .debug_aranges
                0x00000658       0xb0 CMakeFiles/F407ZG_HAL_CLION.elf.dir/User/syscalls.c.obj
 .debug_aranges
                0x00000708       0x28 CMakeFiles/F407ZG_HAL_CLION.elf.dir/User/system_stm32f4xx.c.obj
 .debug_aranges
                0x00000730       0x28 CMakeFiles/F407ZG_HAL_CLION.elf.dir/startup/startup_stm32f407xx.s.obj

.debug_ranges   0x00000000      0x6f8
 .debug_ranges  0x00000000       0xe0 CMakeFiles/F407ZG_HAL_CLION.elf.dir/Drivers/STM32F4xx_HAL_Driver/Src/stm32f4xx_hal.c.obj
 .debug_ranges  0x000000e0       0xf8 CMakeFiles/F407ZG_HAL_CLION.elf.dir/Drivers/STM32F4xx_HAL_Driver/Src/stm32f4xx_hal_cortex.c.obj
 .debug_ranges  0x000001d8       0x80 CMakeFiles/F407ZG_HAL_CLION.elf.dir/Drivers/STM32F4xx_HAL_Driver/Src/stm32f4xx_hal_dma.c.obj
 .debug_ranges  0x00000258       0x48 CMakeFiles/F407ZG_HAL_CLION.elf.dir/Drivers/STM32F4xx_HAL_Driver/Src/stm32f4xx_hal_gpio.c.obj
 .debug_ranges  0x000002a0       0x90 CMakeFiles/F407ZG_HAL_CLION.elf.dir/Drivers/STM32F4xx_HAL_Driver/Src/stm32f4xx_hal_rcc.c.obj
 .debug_ranges  0x00000330      0x1f0 CMakeFiles/F407ZG_HAL_CLION.elf.dir/Drivers/STM32F4xx_HAL_Driver/Src/stm32f4xx_hal_uart.c.obj
 .debug_ranges  0x00000520       0x28 CMakeFiles/F407ZG_HAL_CLION.elf.dir/Drivers/SYSTEM/delay/delay.c.obj
 .debug_ranges  0x00000548       0x48 CMakeFiles/F407ZG_HAL_CLION.elf.dir/Drivers/SYSTEM/sys/sys.c.obj
 .debug_ranges  0x00000590       0x30 CMakeFiles/F407ZG_HAL_CLION.elf.dir/Drivers/SYSTEM/usart/usart.c.obj
 .debug_ranges  0x000005c0       0x10 CMakeFiles/F407ZG_HAL_CLION.elf.dir/User/main.c.obj
 .debug_ranges  0x000005d0       0x50 CMakeFiles/F407ZG_HAL_CLION.elf.dir/User/stm32f4xx_it.c.obj
 .debug_ranges  0x00000620       0xa0 CMakeFiles/F407ZG_HAL_CLION.elf.dir/User/syscalls.c.obj
 .debug_ranges  0x000006c0       0x18 CMakeFiles/F407ZG_HAL_CLION.elf.dir/User/system_stm32f4xx.c.obj
 .debug_ranges  0x000006d8       0x20 CMakeFiles/F407ZG_HAL_CLION.elf.dir/startup/startup_stm32f407xx.s.obj

.debug_line     0x00000000     0x658c
 .debug_line    0x00000000      0x5f0 CMakeFiles/F407ZG_HAL_CLION.elf.dir/Drivers/STM32F4xx_HAL_Driver/Src/stm32f4xx_hal.c.obj
 .debug_line    0x000005f0      0x804 CMakeFiles/F407ZG_HAL_CLION.elf.dir/Drivers/STM32F4xx_HAL_Driver/Src/stm32f4xx_hal_cortex.c.obj
 .debug_line    0x00000df4      0xe5f CMakeFiles/F407ZG_HAL_CLION.elf.dir/Drivers/STM32F4xx_HAL_Driver/Src/stm32f4xx_hal_dma.c.obj
 .debug_line    0x00001c53      0x742 CMakeFiles/F407ZG_HAL_CLION.elf.dir/Drivers/STM32F4xx_HAL_Driver/Src/stm32f4xx_hal_gpio.c.obj
 .debug_line    0x00002395      0xb70 CMakeFiles/F407ZG_HAL_CLION.elf.dir/Drivers/STM32F4xx_HAL_Driver/Src/stm32f4xx_hal_rcc.c.obj
 .debug_line    0x00002f05     0x211d CMakeFiles/F407ZG_HAL_CLION.elf.dir/Drivers/STM32F4xx_HAL_Driver/Src/stm32f4xx_hal_uart.c.obj
 .debug_line    0x00005022      0x233 CMakeFiles/F407ZG_HAL_CLION.elf.dir/Drivers/SYSTEM/delay/delay.c.obj
 .debug_line    0x00005255      0x461 CMakeFiles/F407ZG_HAL_CLION.elf.dir/Drivers/SYSTEM/sys/sys.c.obj
 .debug_line    0x000056b6      0x404 CMakeFiles/F407ZG_HAL_CLION.elf.dir/Drivers/SYSTEM/usart/usart.c.obj
 .debug_line    0x00005aba      0x1c8 CMakeFiles/F407ZG_HAL_CLION.elf.dir/User/main.c.obj
 .debug_line    0x00005c82      0x1b5 CMakeFiles/F407ZG_HAL_CLION.elf.dir/User/stm32f4xx_it.c.obj
 .debug_line    0x00005e37      0x457 CMakeFiles/F407ZG_HAL_CLION.elf.dir/User/syscalls.c.obj
 .debug_line    0x0000628e      0x255 CMakeFiles/F407ZG_HAL_CLION.elf.dir/User/system_stm32f4xx.c.obj
 .debug_line    0x000064e3       0xa9 CMakeFiles/F407ZG_HAL_CLION.elf.dir/startup/startup_stm32f407xx.s.obj

.debug_str      0x00000000     0x298e
 .debug_str     0x00000000      0xb3e CMakeFiles/F407ZG_HAL_CLION.elf.dir/Drivers/STM32F4xx_HAL_Driver/Src/stm32f4xx_hal.c.obj
                                0xb9c (size before relaxing)
 .debug_str     0x00000b3e      0x4e4 CMakeFiles/F407ZG_HAL_CLION.elf.dir/Drivers/STM32F4xx_HAL_Driver/Src/stm32f4xx_hal_cortex.c.obj
                                0xc6e (size before relaxing)
 .debug_str     0x00001022      0x562 CMakeFiles/F407ZG_HAL_CLION.elf.dir/Drivers/STM32F4xx_HAL_Driver/Src/stm32f4xx_hal_dma.c.obj
                                0x7b8 (size before relaxing)
 .debug_str     0x00001584      0x206 CMakeFiles/F407ZG_HAL_CLION.elf.dir/Drivers/STM32F4xx_HAL_Driver/Src/stm32f4xx_hal_gpio.c.obj
                                0x522 (size before relaxing)
 .debug_str     0x0000178a      0x349 CMakeFiles/F407ZG_HAL_CLION.elf.dir/Drivers/STM32F4xx_HAL_Driver/Src/stm32f4xx_hal_rcc.c.obj
                                0x748 (size before relaxing)
 .debug_str     0x00001ad3      0x80d CMakeFiles/F407ZG_HAL_CLION.elf.dir/Drivers/STM32F4xx_HAL_Driver/Src/stm32f4xx_hal_uart.c.obj
                                0xd77 (size before relaxing)
 .debug_str     0x000022e0       0x8b CMakeFiles/F407ZG_HAL_CLION.elf.dir/Drivers/SYSTEM/delay/delay.c.obj
                                0x278 (size before relaxing)
 .debug_str     0x0000236b      0x125 CMakeFiles/F407ZG_HAL_CLION.elf.dir/Drivers/SYSTEM/sys/sys.c.obj
                                0x5ec (size before relaxing)
 .debug_str     0x00002490       0xc5 CMakeFiles/F407ZG_HAL_CLION.elf.dir/Drivers/SYSTEM/usart/usart.c.obj
                                0xdad (size before relaxing)
 .debug_str     0x00002555       0x4b CMakeFiles/F407ZG_HAL_CLION.elf.dir/User/main.c.obj
                                0x21b (size before relaxing)
 .debug_str     0x000025a0       0xcf CMakeFiles/F407ZG_HAL_CLION.elf.dir/User/stm32f4xx_it.c.obj
                                0x26d (size before relaxing)
 .debug_str     0x0000266f      0x25a CMakeFiles/F407ZG_HAL_CLION.elf.dir/User/syscalls.c.obj
                                0x46b (size before relaxing)
 .debug_str     0x000028c9       0x6e CMakeFiles/F407ZG_HAL_CLION.elf.dir/User/system_stm32f4xx.c.obj
                                0x35f (size before relaxing)
 .debug_str     0x00002937       0x57 CMakeFiles/F407ZG_HAL_CLION.elf.dir/startup/startup_stm32f407xx.s.obj
                                 0x94 (size before relaxing)

.comment        0x00000000       0x49
 .comment       0x00000000       0x49 CMakeFiles/F407ZG_HAL_CLION.elf.dir/Drivers/STM32F4xx_HAL_Driver/Src/stm32f4xx_hal.c.obj
                                 0x4a (size before relaxing)
 .comment       0x00000049       0x4a CMakeFiles/F407ZG_HAL_CLION.elf.dir/Drivers/STM32F4xx_HAL_Driver/Src/stm32f4xx_hal_cortex.c.obj
 .comment       0x00000049       0x4a CMakeFiles/F407ZG_HAL_CLION.elf.dir/Drivers/STM32F4xx_HAL_Driver/Src/stm32f4xx_hal_dma.c.obj
 .comment       0x00000049       0x4a CMakeFiles/F407ZG_HAL_CLION.elf.dir/Drivers/STM32F4xx_HAL_Driver/Src/stm32f4xx_hal_gpio.c.obj
 .comment       0x00000049       0x4a CMakeFiles/F407ZG_HAL_CLION.elf.dir/Drivers/STM32F4xx_HAL_Driver/Src/stm32f4xx_hal_rcc.c.obj
 .comment       0x00000049       0x4a CMakeFiles/F407ZG_HAL_CLION.elf.dir/Drivers/STM32F4xx_HAL_Driver/Src/stm32f4xx_hal_uart.c.obj
 .comment       0x00000049       0x4a CMakeFiles/F407ZG_HAL_CLION.elf.dir/Drivers/SYSTEM/delay/delay.c.obj
 .comment       0x00000049       0x4a CMakeFiles/F407ZG_HAL_CLION.elf.dir/Drivers/SYSTEM/sys/sys.c.obj
 .comment       0x00000049       0x4a CMakeFiles/F407ZG_HAL_CLION.elf.dir/Drivers/SYSTEM/usart/usart.c.obj
 .comment       0x00000049       0x4a CMakeFiles/F407ZG_HAL_CLION.elf.dir/User/main.c.obj
 .comment       0x00000049       0x4a CMakeFiles/F407ZG_HAL_CLION.elf.dir/User/stm32f4xx_it.c.obj
 .comment       0x00000049       0x4a CMakeFiles/F407ZG_HAL_CLION.elf.dir/User/syscalls.c.obj
 .comment       0x00000049       0x4a CMakeFiles/F407ZG_HAL_CLION.elf.dir/User/system_stm32f4xx.c.obj

.debug_frame    0x00000000     0x1ad4
 .debug_frame   0x00000000      0x1ec CMakeFiles/F407ZG_HAL_CLION.elf.dir/Drivers/STM32F4xx_HAL_Driver/Src/stm32f4xx_hal.c.obj
 .debug_frame   0x000001ec      0x148 CMakeFiles/F407ZG_HAL_CLION.elf.dir/Drivers/STM32F4xx_HAL_Driver/Src/stm32f4xx_hal_cortex.c.obj
 .debug_frame   0x00000334      0x188 CMakeFiles/F407ZG_HAL_CLION.elf.dir/Drivers/STM32F4xx_HAL_Driver/Src/stm32f4xx_hal_dma.c.obj
 .debug_frame   0x000004bc       0xd8 CMakeFiles/F407ZG_HAL_CLION.elf.dir/Drivers/STM32F4xx_HAL_Driver/Src/stm32f4xx_hal_gpio.c.obj
 .debug_frame   0x00000594      0x16c CMakeFiles/F407ZG_HAL_CLION.elf.dir/Drivers/STM32F4xx_HAL_Driver/Src/stm32f4xx_hal_rcc.c.obj
 .debug_frame   0x00000700      0x5c4 CMakeFiles/F407ZG_HAL_CLION.elf.dir/Drivers/STM32F4xx_HAL_Driver/Src/stm32f4xx_hal_uart.c.obj
 .debug_frame   0x00000cc4       0x6c CMakeFiles/F407ZG_HAL_CLION.elf.dir/Drivers/SYSTEM/delay/delay.c.obj
 .debug_frame   0x00000d30       0xb0 CMakeFiles/F407ZG_HAL_CLION.elf.dir/Drivers/SYSTEM/sys/sys.c.obj
 .debug_frame   0x00000de0       0x8c CMakeFiles/F407ZG_HAL_CLION.elf.dir/Drivers/SYSTEM/usart/usart.c.obj
 .debug_frame   0x00000e6c       0x28 CMakeFiles/F407ZG_HAL_CLION.elf.dir/User/main.c.obj
 .debug_frame   0x00000e94       0xa8 CMakeFiles/F407ZG_HAL_CLION.elf.dir/User/stm32f4xx_it.c.obj
 .debug_frame   0x00000f3c      0x1a8 CMakeFiles/F407ZG_HAL_CLION.elf.dir/User/syscalls.c.obj
 .debug_frame   0x000010e4       0x30 CMakeFiles/F407ZG_HAL_CLION.elf.dir/User/system_stm32f4xx.c.obj
 .debug_frame   0x00001114       0x2c d:/program files/gcc-arm-none-eabi/bin/../lib/gcc/arm-none-eabi/10.3.1/thumb/v7e-m/nofp\libgcc.a(_aeabi_uldivmod.o)
 .debug_frame   0x00001140       0x34 d:/program files/gcc-arm-none-eabi/bin/../lib/gcc/arm-none-eabi/10.3.1/thumb/v7e-m/nofp\libgcc.a(_udivmoddi4.o)
 .debug_frame   0x00001174       0x20 d:/program files/gcc-arm-none-eabi/bin/../lib/gcc/arm-none-eabi/10.3.1/../../../../arm-none-eabi/lib/thumb/v7e-m/nofp\libg.a(lib_a-errno.o)
 .debug_frame   0x00001194       0x2c d:/program files/gcc-arm-none-eabi/bin/../lib/gcc/arm-none-eabi/10.3.1/../../../../arm-none-eabi/lib/thumb/v7e-m/nofp\libg.a(lib_a-init.o)
 .debug_frame   0x000011c0       0x2c d:/program files/gcc-arm-none-eabi/bin/../lib/gcc/arm-none-eabi/10.3.1/../../../../arm-none-eabi/lib/thumb/v7e-m/nofp\libg.a(lib_a-memset.o)
 .debug_frame   0x000011ec       0x4c d:/program files/gcc-arm-none-eabi/bin/../lib/gcc/arm-none-eabi/10.3.1/../../../../arm-none-eabi/lib/thumb/v7e-m/nofp\libg.a(lib_a-puts.o)
 .debug_frame   0x00001238       0x5c d:/program files/gcc-arm-none-eabi/bin/../lib/gcc/arm-none-eabi/10.3.1/../../../../arm-none-eabi/lib/thumb/v7e-m/nofp\libg.a(lib_a-__call_atexit.o)
 .debug_frame   0x00001294       0x20 d:/program files/gcc-arm-none-eabi/bin/../lib/gcc/arm-none-eabi/10.3.1/../../../../arm-none-eabi/lib/thumb/v7e-m/nofp\libg.a(lib_a-atexit.o)
 .debug_frame   0x000012b4      0x154 d:/program files/gcc-arm-none-eabi/bin/../lib/gcc/arm-none-eabi/10.3.1/../../../../arm-none-eabi/lib/thumb/v7e-m/nofp\libg.a(lib_a-findfp.o)
 .debug_frame   0x00001408       0x34 d:/program files/gcc-arm-none-eabi/bin/../lib/gcc/arm-none-eabi/10.3.1/../../../../arm-none-eabi/lib/thumb/v7e-m/nofp\libg.a(lib_a-fini.o)
 .debug_frame   0x0000143c       0x64 d:/program files/gcc-arm-none-eabi/bin/../lib/gcc/arm-none-eabi/10.3.1/../../../../arm-none-eabi/lib/thumb/v7e-m/nofp\libg.a(lib_a-fvwrite.o)
 .debug_frame   0x000014a0       0x54 d:/program files/gcc-arm-none-eabi/bin/../lib/gcc/arm-none-eabi/10.3.1/../../../../arm-none-eabi/lib/thumb/v7e-m/nofp\libg.a(lib_a-fwalk.o)
 .debug_frame   0x000014f4       0xb0 d:/program files/gcc-arm-none-eabi/bin/../lib/gcc/arm-none-eabi/10.3.1/../../../../arm-none-eabi/lib/thumb/v7e-m/nofp\libg.a(lib_a-lock.o)
 .debug_frame   0x000015a4       0x4c d:/program files/gcc-arm-none-eabi/bin/../lib/gcc/arm-none-eabi/10.3.1/../../../../arm-none-eabi/lib/thumb/v7e-m/nofp\libg.a(lib_a-mallocr.o)
 .debug_frame   0x000015f0       0x40 d:/program files/gcc-arm-none-eabi/bin/../lib/gcc/arm-none-eabi/10.3.1/../../../../arm-none-eabi/lib/thumb/v7e-m/nofp\libg.a(lib_a-memmove.o)
 .debug_frame   0x00001630       0x30 d:/program files/gcc-arm-none-eabi/bin/../lib/gcc/arm-none-eabi/10.3.1/../../../../arm-none-eabi/lib/thumb/v7e-m/nofp\libg.a(lib_a-mlock.o)
 .debug_frame   0x00001660       0x48 d:/program files/gcc-arm-none-eabi/bin/../lib/gcc/arm-none-eabi/10.3.1/../../../../arm-none-eabi/lib/thumb/v7e-m/nofp\libg.a(lib_a-reallocr.o)
 .debug_frame   0x000016a8       0x2c d:/program files/gcc-arm-none-eabi/bin/../lib/gcc/arm-none-eabi/10.3.1/../../../../arm-none-eabi/lib/thumb/v7e-m/nofp\libg.a(lib_a-sbrkr.o)
 .debug_frame   0x000016d4       0x8c d:/program files/gcc-arm-none-eabi/bin/../lib/gcc/arm-none-eabi/10.3.1/../../../../arm-none-eabi/lib/thumb/v7e-m/nofp\libg.a(lib_a-stdio.o)
 .debug_frame   0x00001760       0x2c d:/program files/gcc-arm-none-eabi/bin/../lib/gcc/arm-none-eabi/10.3.1/../../../../arm-none-eabi/lib/thumb/v7e-m/nofp\libg.a(lib_a-writer.o)
 .debug_frame   0x0000178c       0x2c d:/program files/gcc-arm-none-eabi/bin/../lib/gcc/arm-none-eabi/10.3.1/../../../../arm-none-eabi/lib/thumb/v7e-m/nofp\libg.a(lib_a-wsetup.o)
 .debug_frame   0x000017b8       0x34 d:/program files/gcc-arm-none-eabi/bin/../lib/gcc/arm-none-eabi/10.3.1/../../../../arm-none-eabi/lib/thumb/v7e-m/nofp\libg.a(lib_a-__atexit.o)
 .debug_frame   0x000017ec       0x2c d:/program files/gcc-arm-none-eabi/bin/../lib/gcc/arm-none-eabi/10.3.1/../../../../arm-none-eabi/lib/thumb/v7e-m/nofp\libg.a(lib_a-closer.o)
 .debug_frame   0x00001818       0x3c d:/program files/gcc-arm-none-eabi/bin/../lib/gcc/arm-none-eabi/10.3.1/../../../../arm-none-eabi/lib/thumb/v7e-m/nofp\libg.a(lib_a-fclose.o)
 .debug_frame   0x00001854       0x70 d:/program files/gcc-arm-none-eabi/bin/../lib/gcc/arm-none-eabi/10.3.1/../../../../arm-none-eabi/lib/thumb/v7e-m/nofp\libg.a(lib_a-fflush.o)
 .debug_frame   0x000018c4       0x8c d:/program files/gcc-arm-none-eabi/bin/../lib/gcc/arm-none-eabi/10.3.1/../../../../arm-none-eabi/lib/thumb/v7e-m/nofp\libg.a(lib_a-freer.o)
 .debug_frame   0x00001950       0x2c d:/program files/gcc-arm-none-eabi/bin/../lib/gcc/arm-none-eabi/10.3.1/../../../../arm-none-eabi/lib/thumb/v7e-m/nofp\libg.a(lib_a-lseekr.o)
 .debug_frame   0x0000197c       0x70 d:/program files/gcc-arm-none-eabi/bin/../lib/gcc/arm-none-eabi/10.3.1/../../../../arm-none-eabi/lib/thumb/v7e-m/nofp\libg.a(lib_a-makebuf.o)
 .debug_frame   0x000019ec       0x2c d:/program files/gcc-arm-none-eabi/bin/../lib/gcc/arm-none-eabi/10.3.1/../../../../arm-none-eabi/lib/thumb/v7e-m/nofp\libg.a(lib_a-readr.o)
 .debug_frame   0x00001a18       0x64 d:/program files/gcc-arm-none-eabi/bin/../lib/gcc/arm-none-eabi/10.3.1/../../../../arm-none-eabi/lib/thumb/v7e-m/nofp\libg.a(lib_a-reent.o)
 .debug_frame   0x00001a7c       0x2c d:/program files/gcc-arm-none-eabi/bin/../lib/gcc/arm-none-eabi/10.3.1/../../../../arm-none-eabi/lib/thumb/v7e-m/nofp\libg.a(lib_a-fstatr.o)
 .debug_frame   0x00001aa8       0x2c d:/program files/gcc-arm-none-eabi/bin/../lib/gcc/arm-none-eabi/10.3.1/../../../../arm-none-eabi/lib/thumb/v7e-m/nofp\libg.a(lib_a-isattyr.o)
